Sender: LSF System <lsfadmin@aih-superl40s-01>
Subject: Job 52919230: <ensemble-v2> in cluster <DKFZ> Exited

Job <ensemble-v2> was submitted from host <odcf-worker02.dkfz-heidelberg.de> by user <s124z> in cluster <DKFZ> at Sat Aug 15 22:41:49 2026
Job was executed on host(s) <aih-superl40s-01>, in queue <gpu-pro>, as user <s124z> in cluster <DKFZ> at Sat Aug 15 22:41:50 2026
</home/s124z> was used as the home directory.
</home/s124z/KATHEE/nllb> was used as the working directory.
Started at Sat Aug 15 22:41:50 2026
Terminated at Sat Aug 15 22:42:13 2026
Results reported at Sat Aug 15 22:42:13 2026

Your job looked like:

------------------------------------------------------------
# LSBATCH: User input
bash -i -c '
        . /home/s124z/env_scripts/kathe.sh &&
        export HF_HOME=/dkfz/cluster/gpu/data/OE0176/s124z/hf_cache &&
        export HF_HUB_OFFLINE=1 &&
        cd /home/s124z/KATHEE/nllb &&
        python -u ensemble_nllb_v2_more_pool.py
    '
------------------------------------------------------------

Exited with exit code 2.

Resource usage summary:

    CPU time :                                   1.11 sec.
    Max Memory :                                 11 MB
    Average Memory :                             8.40 MB
    Total Requested Memory :                     -
    Delta Memory :                               -
    Max Swap :                                   -
    Max Processes :                              4
    Max Threads :                                7
    Run time :                                   20 sec.
    Turnaround time :                            24 sec.

The output (if any) follows:

bash: cannot set terminal process group (3566863): Inappropriate ioctl for device
bash: no job control in this shell
ERROR: Unable to locate a modulefile for 'cuda/12.1'
python: can't open file '/home/s124z/KATHEE/nllb/ensemble_nllb_v2_more_pool.py': [Errno 2] No such file or directory
