Sender: LSF System <lsfadmin@aih-superl40s-04>
Subject: Job 52919198: <ensemble-nllb> in cluster <DKFZ> Done

Job <ensemble-nllb> was submitted from host <odcf-worker02.dkfz-heidelberg.de> by user <s124z> in cluster <DKFZ> at Sat Aug 15 21:34:42 2026
Job was executed on host(s) <aih-superl40s-04>, in queue <gpu-pro>, as user <s124z> in cluster <DKFZ> at Sat Aug 15 21:34:43 2026
</home/s124z> was used as the home directory.
</home/s124z/KATHEE/logs> was used as the working directory.
Started at Sat Aug 15 21:34:43 2026
Terminated at Sat Aug 15 21:37:25 2026
Results reported at Sat Aug 15 21:37:25 2026

Your job looked like:

------------------------------------------------------------
# LSBATCH: User input
bash -i -c '
        . /home/s124z/env_scripts/kathe.sh &&
        export HF_HOME=/dkfz/cluster/gpu/data/OE0176/s124z/hf_cache &&
        export HF_HUB_OFFLINE=1 &&
        cd /home/s124z/KATHEE/nllb &&
        python -u ensemble.py
    '
------------------------------------------------------------

Successfully completed.

Resource usage summary:

    CPU time :                                   123.00 sec.
    Max Memory :                                 8444 MB
    Average Memory :                             3398.40 MB
    Total Requested Memory :                     -
    Delta Memory :                               -
    Max Swap :                                   -
    Max Processes :                              4
    Max Threads :                                40
    Run time :                                   159 sec.
    Turnaround time :                            163 sec.

The output (if any) follows:

bash: cannot set terminal process group (517382): Inappropriate ioctl for device
bash: no job control in this shell
ERROR: Unable to locate a modulefile for 'cuda/12.1'
/dkfz/cluster/gpu/data/OE0176/s124z/endo_conda_install/envs/KATHE/lib/python3.10/site-packages/transformers/tokenization_utils_base.py:1601: FutureWarning: `clean_up_tokenization_spaces` was not set. It will be set to `True` by default. This behavior will be depracted in transformers v4.45, and will be then set to `False` by default. For more details check this issue: https://github.com/huggingface/transformers/issues/31884
  warnings.warn(

### generating with 1.3B
gen 4/100
gen 8/100
gen 12/100
gen 16/100
gen 20/100
gen 24/100
gen 28/100
gen 32/100
gen 36/100
gen 40/100
gen 44/100
gen 48/100
gen 52/100
gen 56/100
gen 60/100
gen 64/100
gen 68/100
gen 72/100
gen 76/100
gen 80/100
gen 84/100
gen 88/100
gen 92/100
gen 96/100
gen 100/100

### generating with 3.3B
Loading checkpoint shards:   0%|          | 0/3 [00:00<?, ?it/s]Loading checkpoint shards:  33%|███▎      | 1/3 [00:04<00:08,  4.05s/it]Loading checkpoint shards:  67%|██████▋   | 2/3 [00:14<00:07,  7.87s/it]Loading checkpoint shards: 100%|██████████| 3/3 [00:22<00:00,  7.98s/it]Loading checkpoint shards: 100%|██████████| 3/3 [00:22<00:00,  7.57s/it]
gen 4/100
gen 8/100
gen 12/100
gen 16/100
gen 20/100
gen 24/100
gen 28/100
gen 32/100
gen 36/100
gen 40/100
gen 44/100
gen 48/100
gen 52/100
gen 56/100
gen 60/100
gen 64/100
gen 68/100
gen 72/100
gen 76/100
gen 80/100
gen 84/100
gen 88/100
gen 92/100
gen 96/100
gen 100/100

pooled candidates: mean 15.2 per sentence

### scoring under 1.3B
score 16/1518
score 32/1518
score 48/1518
score 64/1518
score 80/1518
score 96/1518
score 112/1518
score 128/1518
score 144/1518
score 160/1518
score 176/1518
score 192/1518
score 208/1518
score 224/1518
score 240/1518
score 256/1518
score 272/1518
score 288/1518
score 304/1518
score 320/1518
score 336/1518
score 352/1518
score 368/1518
score 384/1518
score 400/1518
score 416/1518
score 432/1518
score 448/1518
score 464/1518
score 480/1518
score 496/1518
score 512/1518
score 528/1518
score 544/1518
score 560/1518
score 576/1518
score 592/1518
score 608/1518
score 624/1518
score 640/1518
score 656/1518
score 672/1518
score 688/1518
score 704/1518
score 720/1518
score 736/1518
score 752/1518
score 768/1518
score 784/1518
score 800/1518
score 816/1518
score 832/1518
score 848/1518
score 864/1518
score 880/1518
score 896/1518
score 912/1518
score 928/1518
score 944/1518
score 960/1518
score 976/1518
score 992/1518
score 1008/1518
score 1024/1518
score 1040/1518
score 1056/1518
score 1072/1518
score 1088/1518
score 1104/1518
score 1120/1518
score 1136/1518
score 1152/1518
score 1168/1518
score 1184/1518
score 1200/1518
score 1216/1518
score 1232/1518
score 1248/1518
score 1264/1518
score 1280/1518
score 1296/1518
score 1312/1518
score 1328/1518
score 1344/1518
score 1360/1518
score 1376/1518
score 1392/1518
score 1408/1518
score 1424/1518
score 1440/1518
score 1456/1518
score 1472/1518
score 1488/1518
score 1504/1518
score 1518/1518

### scoring under 3.3B
Loading checkpoint shards:   0%|          | 0/3 [00:00<?, ?it/s]Loading checkpoint shards:  33%|███▎      | 1/3 [00:02<00:05,  2.55s/it]Loading checkpoint shards:  67%|██████▋   | 2/3 [00:05<00:02,  2.85s/it]Loading checkpoint shards: 100%|██████████| 3/3 [00:05<00:00,  1.72s/it]Loading checkpoint shards: 100%|██████████| 3/3 [00:05<00:00,  2.00s/it]
score 16/1518
score 32/1518
score 48/1518
score 64/1518
score 80/1518
score 96/1518
score 112/1518
score 128/1518
score 144/1518
score 160/1518
score 176/1518
score 192/1518
score 208/1518
score 224/1518
score 240/1518
score 256/1518
score 272/1518
score 288/1518
score 304/1518
score 320/1518
score 336/1518
score 352/1518
score 368/1518
score 384/1518
score 400/1518
score 416/1518
score 432/1518
score 448/1518
score 464/1518
score 480/1518
score 496/1518
score 512/1518
score 528/1518
score 544/1518
score 560/1518
score 576/1518
score 592/1518
score 608/1518
score 624/1518
score 640/1518
score 656/1518
score 672/1518
score 688/1518
score 704/1518
score 720/1518
score 736/1518
score 752/1518
score 768/1518
score 784/1518
score 800/1518
score 816/1518
score 832/1518
score 848/1518
score 864/1518
score 880/1518
score 896/1518
score 912/1518
score 928/1518
score 944/1518
score 960/1518
score 976/1518
score 992/1518
score 1008/1518
score 1024/1518
score 1040/1518
score 1056/1518
score 1072/1518
score 1088/1518
score 1104/1518
score 1120/1518
score 1136/1518
score 1152/1518
score 1168/1518
score 1184/1518
score 1200/1518
score 1216/1518
score 1232/1518
score 1248/1518
score 1264/1518
score 1280/1518
score 1296/1518
score 1312/1518
score 1328/1518
score 1344/1518
score 1360/1518
score 1376/1518
score 1392/1518
score 1408/1518
score 1424/1518
score 1440/1518
score 1456/1518
score 1472/1518
score 1488/1518
score 1504/1518
score 1518/1518

=== 1.3B alone ===
{'bleu': 12.112132818375134, 'chrf++': 41.16168381580904, 'geo_mean': 22.328362712143523, 'length_ratio': 0.983448275862069}

=== 3.3B alone ===
{'bleu': 13.479047183899075, 'chrf++': 43.09442843844565, 'geo_mean': 24.10128283484037, 'length_ratio': 0.983448275862069}
w=0.0 lennorm=0.6 -> geo_mean=24.13 bleu=13.70 chrf++=42.52
w=0.0 lennorm=0.8 -> geo_mean=23.72 bleu=13.30 chrf++=42.30
w=0.0 lennorm=1.0 -> geo_mean=24.16 bleu=13.54 chrf++=43.10
w=0.2 lennorm=0.6 -> geo_mean=25.74 bleu=14.86 chrf++=44.58
w=0.2 lennorm=0.8 -> geo_mean=25.57 bleu=14.76 chrf++=44.31
w=0.2 lennorm=1.0 -> geo_mean=25.61 bleu=14.73 chrf++=44.53
w=0.3 lennorm=0.6 -> geo_mean=25.73 bleu=14.76 chrf++=44.86
w=0.3 lennorm=0.8 -> geo_mean=25.76 bleu=14.82 chrf++=44.79
w=0.3 lennorm=1.0 -> geo_mean=25.79 bleu=14.76 chrf++=45.05
w=0.4 lennorm=0.6 -> geo_mean=25.79 bleu=14.80 chrf++=44.94
w=0.4 lennorm=0.8 -> geo_mean=26.12 bleu=15.03 chrf++=45.39
w=0.4 lennorm=1.0 -> geo_mean=25.94 bleu=14.90 chrf++=45.18
w=0.5 lennorm=0.6 -> geo_mean=25.71 bleu=14.83 chrf++=44.58
w=0.5 lennorm=0.8 -> geo_mean=25.79 bleu=14.84 chrf++=44.79
w=0.5 lennorm=1.0 -> geo_mean=25.80 bleu=14.83 chrf++=44.89
w=0.6 lennorm=0.6 -> geo_mean=25.19 bleu=14.28 chrf++=44.42
w=0.6 lennorm=0.8 -> geo_mean=25.32 bleu=14.35 chrf++=44.71
w=0.6 lennorm=1.0 -> geo_mean=26.06 bleu=15.05 chrf++=45.13
w=0.7 lennorm=0.6 -> geo_mean=25.33 bleu=14.43 chrf++=44.45
w=0.7 lennorm=0.8 -> geo_mean=26.10 bleu=15.13 chrf++=45.04
w=0.7 lennorm=1.0 -> geo_mean=25.63 bleu=14.56 chrf++=45.13
w=0.8 lennorm=0.6 -> geo_mean=23.82 bleu=13.07 chrf++=43.41
w=0.8 lennorm=0.8 -> geo_mean=24.83 bleu=14.07 chrf++=43.82
w=0.8 lennorm=1.0 -> geo_mean=24.71 bleu=13.96 chrf++=43.71
w=1.0 lennorm=0.6 -> geo_mean=22.48 bleu=12.28 chrf++=41.15
w=1.0 lennorm=0.8 -> geo_mean=22.53 bleu=12.26 chrf++=41.38
w=1.0 lennorm=1.0 -> geo_mean=22.59 bleu=12.33 chrf++=41.39

=== best ensemble: w=0.4 lennorm=0.8 ===
{'bleu': 15.026513981755208, 'chrf++': 45.38632454223047, 'geo_mean': 26.115096023455585, 'length_ratio': 0.9779310344827586}

wrote /home/s124z/KATHEE/nllb/eval_out/ensemble_scores.json
