Sender: LSF System <lsfadmin@fse-superl40s-02>
Subject: Job 52920986: <ensemble-nllb> in cluster <DKFZ> Done

Job <ensemble-nllb> was submitted from host <odcf-worker02.dkfz-heidelberg.de> by user <s124z> in cluster <DKFZ> at Sun Aug 16 14:13:48 2026
Job was executed on host(s) <fse-superl40s-02>, in queue <gpu-pro>, as user <s124z> in cluster <DKFZ> at Sun Aug 16 14:44:07 2026
</home/s124z> was used as the home directory.
</home/s124z/KATHEE/nllb> was used as the working directory.
Started at Sun Aug 16 14:44:07 2026
Terminated at Sun Aug 16 14:47:34 2026
Results reported at Sun Aug 16 14:47:34 2026

Your job looked like:

------------------------------------------------------------
# LSBATCH: User input
bash -i -c '
        . /home/s124z/env_scripts/kathe.sh &&
        export HF_HOME=/dkfz/cluster/gpu/data/OE0176/s124z/hf_cache &&
        export HF_HUB_OFFLINE=1 &&
        cd /home/s124z/KATHEE/nllb &&
        python -u ensemble.py
    '
------------------------------------------------------------

Successfully completed.

Resource usage summary:

    CPU time :                                   124.00 sec.
    Max Memory :                                 6811 MB
    Average Memory :                             2499.78 MB
    Total Requested Memory :                     -
    Delta Memory :                               -
    Max Swap :                                   -
    Max Processes :                              4
    Max Threads :                                40
    Run time :                                   204 sec.
    Turnaround time :                            2026 sec.

The output (if any) follows:

bash: cannot set terminal process group (538147): Inappropriate ioctl for device
bash: no job control in this shell
ERROR: Unable to locate a modulefile for 'cuda/12.1'
/dkfz/cluster/gpu/data/OE0176/s124z/endo_conda_install/envs/KATHE/lib/python3.10/site-packages/transformers/tokenization_utils_base.py:1601: FutureWarning: `clean_up_tokenization_spaces` was not set. It will be set to `True` by default. This behavior will be depracted in transformers v4.45, and will be then set to `False` by default. For more details check this issue: https://github.com/huggingface/transformers/issues/31884
  warnings.warn(

### generating with 1.3B
gen 4/100
gen 8/100
gen 12/100
gen 16/100
gen 20/100
gen 24/100
gen 28/100
gen 32/100
gen 36/100
gen 40/100
gen 44/100
gen 48/100
gen 52/100
gen 56/100
gen 60/100
gen 64/100
gen 68/100
gen 72/100
gen 76/100
gen 80/100
gen 84/100
gen 88/100
gen 92/100
gen 96/100
gen 100/100

### generating with 3.3B
Loading checkpoint shards:   0%|          | 0/3 [00:00<?, ?it/s]Loading checkpoint shards:  33%|███▎      | 1/3 [00:03<00:07,  3.68s/it]Loading checkpoint shards:  67%|██████▋   | 2/3 [00:06<00:03,  3.28s/it]Loading checkpoint shards: 100%|██████████| 3/3 [00:07<00:00,  1.99s/it]Loading checkpoint shards: 100%|██████████| 3/3 [00:07<00:00,  2.37s/it]
gen 4/100
gen 8/100
gen 12/100
gen 16/100
gen 20/100
gen 24/100
gen 28/100
gen 32/100
gen 36/100
gen 40/100
gen 44/100
gen 48/100
gen 52/100
gen 56/100
gen 60/100
gen 64/100
gen 68/100
gen 72/100
gen 76/100
gen 80/100
gen 84/100
gen 88/100
gen 92/100
gen 96/100
gen 100/100

pooled candidates: mean 15.1 per sentence

### scoring under 1.3B
score 16/1512
score 32/1512
score 48/1512
score 64/1512
score 80/1512
score 96/1512
score 112/1512
score 128/1512
score 144/1512
score 160/1512
score 176/1512
score 192/1512
score 208/1512
score 224/1512
score 240/1512
score 256/1512
score 272/1512
score 288/1512
score 304/1512
score 320/1512
score 336/1512
score 352/1512
score 368/1512
score 384/1512
score 400/1512
score 416/1512
score 432/1512
score 448/1512
score 464/1512
score 480/1512
score 496/1512
score 512/1512
score 528/1512
score 544/1512
score 560/1512
score 576/1512
score 592/1512
score 608/1512
score 624/1512
score 640/1512
score 656/1512
score 672/1512
score 688/1512
score 704/1512
score 720/1512
score 736/1512
score 752/1512
score 768/1512
score 784/1512
score 800/1512
score 816/1512
score 832/1512
score 848/1512
score 864/1512
score 880/1512
score 896/1512
score 912/1512
score 928/1512
score 944/1512
score 960/1512
score 976/1512
score 992/1512
score 1008/1512
score 1024/1512
score 1040/1512
score 1056/1512
score 1072/1512
score 1088/1512
score 1104/1512
score 1120/1512
score 1136/1512
score 1152/1512
score 1168/1512
score 1184/1512
score 1200/1512
score 1216/1512
score 1232/1512
score 1248/1512
score 1264/1512
score 1280/1512
score 1296/1512
score 1312/1512
score 1328/1512
score 1344/1512
score 1360/1512
score 1376/1512
score 1392/1512
score 1408/1512
score 1424/1512
score 1440/1512
score 1456/1512
score 1472/1512
score 1488/1512
score 1504/1512
score 1512/1512

### scoring under 3.3B
Loading checkpoint shards:   0%|          | 0/3 [00:00<?, ?it/s]Loading checkpoint shards:  33%|███▎      | 1/3 [00:02<00:04,  2.31s/it]Loading checkpoint shards:  67%|██████▋   | 2/3 [00:05<00:02,  2.78s/it]Loading checkpoint shards: 100%|██████████| 3/3 [00:05<00:00,  1.71s/it]Loading checkpoint shards: 100%|██████████| 3/3 [00:05<00:00,  1.95s/it]
score 16/1512
score 32/1512
score 48/1512
score 64/1512
score 80/1512
score 96/1512
score 112/1512
score 128/1512
score 144/1512
score 160/1512
score 176/1512
score 192/1512
score 208/1512
score 224/1512
score 240/1512
score 256/1512
score 272/1512
score 288/1512
score 304/1512
score 320/1512
score 336/1512
score 352/1512
score 368/1512
score 384/1512
score 400/1512
score 416/1512
score 432/1512
score 448/1512
score 464/1512
score 480/1512
score 496/1512
score 512/1512
score 528/1512
score 544/1512
score 560/1512
score 576/1512
score 592/1512
score 608/1512
score 624/1512
score 640/1512
score 656/1512
score 672/1512
score 688/1512
score 704/1512
score 720/1512
score 736/1512
score 752/1512
score 768/1512
score 784/1512
score 800/1512
score 816/1512
score 832/1512
score 848/1512
score 864/1512
score 880/1512
score 896/1512
score 912/1512
score 928/1512
score 944/1512
score 960/1512
score 976/1512
score 992/1512
score 1008/1512
score 1024/1512
score 1040/1512
score 1056/1512
score 1072/1512
score 1088/1512
score 1104/1512
score 1120/1512
score 1136/1512
score 1152/1512
score 1168/1512
score 1184/1512
score 1200/1512
score 1216/1512
score 1232/1512
score 1248/1512
score 1264/1512
score 1280/1512
score 1296/1512
score 1312/1512
score 1328/1512
score 1344/1512
score 1360/1512
score 1376/1512
score 1392/1512
score 1408/1512
score 1424/1512
score 1440/1512
score 1456/1512
score 1472/1512
score 1488/1512
score 1504/1512
score 1512/1512

=== 1.3B alone ===
{'bleu': 12.112132818375134, 'chrf++': 41.16168381580904, 'geo_mean': 22.328362712143523, 'length_ratio': 0.983448275862069}

=== 3.3B alone ===
{'bleu': 13.468962522641842, 'chrf++': 44.28820552212677, 'geo_mean': 24.423680729418837, 'length_ratio': 0.993103448275862}
w=0.0 lennorm=0.6 -> geo_mean=24.20 bleu=13.33 chrf++=43.93
w=0.0 lennorm=0.8 -> geo_mean=24.30 bleu=13.41 chrf++=44.02
w=0.0 lennorm=1.0 -> geo_mean=24.26 bleu=13.40 chrf++=43.93
w=0.2 lennorm=0.6 -> geo_mean=25.44 bleu=14.30 chrf++=45.25
w=0.2 lennorm=0.8 -> geo_mean=25.29 bleu=14.21 chrf++=44.99
w=0.2 lennorm=1.0 -> geo_mean=25.17 bleu=14.05 chrf++=45.11
w=0.3 lennorm=0.6 -> geo_mean=24.96 bleu=14.00 chrf++=44.49
w=0.3 lennorm=0.8 -> geo_mean=25.24 bleu=14.15 chrf++=45.03
w=0.3 lennorm=1.0 -> geo_mean=25.83 bleu=14.68 chrf++=45.44
w=0.4 lennorm=0.6 -> geo_mean=24.43 bleu=13.45 chrf++=44.36
w=0.4 lennorm=0.8 -> geo_mean=24.57 bleu=13.55 chrf++=44.54
w=0.4 lennorm=1.0 -> geo_mean=25.07 bleu=14.01 chrf++=44.85
w=0.5 lennorm=0.6 -> geo_mean=24.87 bleu=13.94 chrf++=44.39
w=0.5 lennorm=0.8 -> geo_mean=24.55 bleu=13.60 chrf++=44.32
w=0.5 lennorm=1.0 -> geo_mean=25.17 bleu=14.10 chrf++=44.92
w=0.6 lennorm=0.6 -> geo_mean=24.93 bleu=14.06 chrf++=44.18
w=0.6 lennorm=0.8 -> geo_mean=25.00 bleu=14.06 chrf++=44.46
w=0.6 lennorm=1.0 -> geo_mean=24.99 bleu=14.05 chrf++=44.46
w=0.7 lennorm=0.6 -> geo_mean=24.02 bleu=13.26 chrf++=43.54
w=0.7 lennorm=0.8 -> geo_mean=24.40 bleu=13.48 chrf++=44.17
w=0.7 lennorm=1.0 -> geo_mean=25.21 bleu=14.25 chrf++=44.59
w=0.8 lennorm=0.6 -> geo_mean=23.86 bleu=13.13 chrf++=43.35
w=0.8 lennorm=0.8 -> geo_mean=25.08 bleu=14.28 chrf++=44.06
w=0.8 lennorm=1.0 -> geo_mean=25.19 bleu=14.31 chrf++=44.34
w=1.0 lennorm=0.6 -> geo_mean=22.48 bleu=12.28 chrf++=41.15
w=1.0 lennorm=0.8 -> geo_mean=22.53 bleu=12.26 chrf++=41.39
w=1.0 lennorm=1.0 -> geo_mean=22.59 bleu=12.33 chrf++=41.39

=== best ensemble: w=0.3 lennorm=1.0 ===
{'bleu': 14.682473421782438, 'chrf++': 45.439507469918325, 'geo_mean': 25.8295249806488, 'length_ratio': 0.9875862068965517}

wrote /home/s124z/KATHEE/nllb/eval_out/ensemble_scores_16aug.json
