Sender: LSF System <lsfadmin@nct-superh200-01>
Subject: Job 52919088: <ensemble-nllb> in cluster <DKFZ> Done

Job <ensemble-nllb> was submitted from host <odcf-worker02.dkfz-heidelberg.de> by user <s124z> in cluster <DKFZ> at Sat Aug 15 21:31:30 2026
Job was executed on host(s) <nct-superh200-01>, in queue <gpu-pro>, as user <s124z> in cluster <DKFZ> at Sat Aug 15 21:42:08 2026
</home/s124z> was used as the home directory.
</home/s124z/KATHEE/nllb> was used as the working directory.
Started at Sat Aug 15 21:42:08 2026
Terminated at Sat Aug 15 21:45:50 2026
Results reported at Sat Aug 15 21:45:50 2026

Your job looked like:

------------------------------------------------------------
# LSBATCH: User input
bash -i -c '
        . /home/s124z/env_scripts/kathe.sh &&
        export HF_HOME=/dkfz/cluster/gpu/data/OE0176/s124z/hf_cache &&
        export HF_HUB_OFFLINE=1 &&
        cd /home/s124z/KATHEE/nllb &&
        python -u ensemble.py
    '
------------------------------------------------------------

Successfully completed.

Resource usage summary:

    CPU time :                                   171.00 sec.
    Max Memory :                                 8943 MB
    Average Memory :                             4148.38 MB
    Total Requested Memory :                     -
    Delta Memory :                               -
    Max Swap :                                   -
    Max Processes :                              4
    Max Threads :                                69
    Run time :                                   221 sec.
    Turnaround time :                            860 sec.

The output (if any) follows:

bash: cannot set terminal process group (286657): Inappropriate ioctl for device
bash: no job control in this shell
ERROR: Unable to locate a modulefile for 'cuda/12.1'
/dkfz/cluster/gpu/data/OE0176/s124z/endo_conda_install/envs/KATHE/lib/python3.10/site-packages/transformers/tokenization_utils_base.py:1601: FutureWarning: `clean_up_tokenization_spaces` was not set. It will be set to `True` by default. This behavior will be depracted in transformers v4.45, and will be then set to `False` by default. For more details check this issue: https://github.com/huggingface/transformers/issues/31884
  warnings.warn(

### generating with 1.3B
gen 4/100
gen 8/100
gen 12/100
gen 16/100
gen 20/100
gen 24/100
gen 28/100
gen 32/100
gen 36/100
gen 40/100
gen 44/100
gen 48/100
gen 52/100
gen 56/100
gen 60/100
gen 64/100
gen 68/100
gen 72/100
gen 76/100
gen 80/100
gen 84/100
gen 88/100
gen 92/100
gen 96/100
gen 100/100

### generating with 3.3B
Loading checkpoint shards:   0%|          | 0/3 [00:00<?, ?it/s]Loading checkpoint shards:  33%|███▎      | 1/3 [00:24<00:49, 24.90s/it]Loading checkpoint shards:  67%|██████▋   | 2/3 [00:55<00:28, 28.10s/it]Loading checkpoint shards: 100%|██████████| 3/3 [01:02<00:00, 18.61s/it]Loading checkpoint shards: 100%|██████████| 3/3 [01:02<00:00, 20.85s/it]
gen 4/100
gen 8/100
gen 12/100
gen 16/100
gen 20/100
gen 24/100
gen 28/100
gen 32/100
gen 36/100
gen 40/100
gen 44/100
gen 48/100
gen 52/100
gen 56/100
gen 60/100
gen 64/100
gen 68/100
gen 72/100
gen 76/100
gen 80/100
gen 84/100
gen 88/100
gen 92/100
gen 96/100
gen 100/100

pooled candidates: mean 15.2 per sentence

### scoring under 1.3B
score 16/1519
score 32/1519
score 48/1519
score 64/1519
score 80/1519
score 96/1519
score 112/1519
score 128/1519
score 144/1519
score 160/1519
score 176/1519
score 192/1519
score 208/1519
score 224/1519
score 240/1519
score 256/1519
score 272/1519
score 288/1519
score 304/1519
score 320/1519
score 336/1519
score 352/1519
score 368/1519
score 384/1519
score 400/1519
score 416/1519
score 432/1519
score 448/1519
score 464/1519
score 480/1519
score 496/1519
score 512/1519
score 528/1519
score 544/1519
score 560/1519
score 576/1519
score 592/1519
score 608/1519
score 624/1519
score 640/1519
score 656/1519
score 672/1519
score 688/1519
score 704/1519
score 720/1519
score 736/1519
score 752/1519
score 768/1519
score 784/1519
score 800/1519
score 816/1519
score 832/1519
score 848/1519
score 864/1519
score 880/1519
score 896/1519
score 912/1519
score 928/1519
score 944/1519
score 960/1519
score 976/1519
score 992/1519
score 1008/1519
score 1024/1519
score 1040/1519
score 1056/1519
score 1072/1519
score 1088/1519
score 1104/1519
score 1120/1519
score 1136/1519
score 1152/1519
score 1168/1519
score 1184/1519
score 1200/1519
score 1216/1519
score 1232/1519
score 1248/1519
score 1264/1519
score 1280/1519
score 1296/1519
score 1312/1519
score 1328/1519
score 1344/1519
score 1360/1519
score 1376/1519
score 1392/1519
score 1408/1519
score 1424/1519
score 1440/1519
score 1456/1519
score 1472/1519
score 1488/1519
score 1504/1519
score 1519/1519

### scoring under 3.3B
Loading checkpoint shards:   0%|          | 0/3 [00:00<?, ?it/s]Loading checkpoint shards:  33%|███▎      | 1/3 [00:02<00:04,  2.31s/it]Loading checkpoint shards:  67%|██████▋   | 2/3 [00:05<00:02,  2.77s/it]Loading checkpoint shards: 100%|██████████| 3/3 [00:05<00:00,  1.69s/it]Loading checkpoint shards: 100%|██████████| 3/3 [00:05<00:00,  1.93s/it]
score 16/1519
score 32/1519
score 48/1519
score 64/1519
score 80/1519
score 96/1519
score 112/1519
score 128/1519
score 144/1519
score 160/1519
score 176/1519
score 192/1519
score 208/1519
score 224/1519
score 240/1519
score 256/1519
score 272/1519
score 288/1519
score 304/1519
score 320/1519
score 336/1519
score 352/1519
score 368/1519
score 384/1519
score 400/1519
score 416/1519
score 432/1519
score 448/1519
score 464/1519
score 480/1519
score 496/1519
score 512/1519
score 528/1519
score 544/1519
score 560/1519
score 576/1519
score 592/1519
score 608/1519
score 624/1519
score 640/1519
score 656/1519
score 672/1519
score 688/1519
score 704/1519
score 720/1519
score 736/1519
score 752/1519
score 768/1519
score 784/1519
score 800/1519
score 816/1519
score 832/1519
score 848/1519
score 864/1519
score 880/1519
score 896/1519
score 912/1519
score 928/1519
score 944/1519
score 960/1519
score 976/1519
score 992/1519
score 1008/1519
score 1024/1519
score 1040/1519
score 1056/1519
score 1072/1519
score 1088/1519
score 1104/1519
score 1120/1519
score 1136/1519
score 1152/1519
score 1168/1519
score 1184/1519
score 1200/1519
score 1216/1519
score 1232/1519
score 1248/1519
score 1264/1519
score 1280/1519
score 1296/1519
score 1312/1519
score 1328/1519
score 1344/1519
score 1360/1519
score 1376/1519
score 1392/1519
score 1408/1519
score 1424/1519
score 1440/1519
score 1456/1519
score 1472/1519
score 1488/1519
score 1504/1519
score 1519/1519

=== 1.3B alone ===
{'bleu': 12.246196552865902, 'chrf++': 41.373580069081875, 'geo_mean': 22.50930904363152, 'length_ratio': 0.9848275862068966}

=== 3.3B alone ===
{'bleu': 13.549491315421713, 'chrf++': 43.18489512811764, 'geo_mean': 24.189529997414738, 'length_ratio': 0.983448275862069}
w=0.0 lennorm=0.6 -> geo_mean=23.72 bleu=13.30 chrf++=42.31
w=0.0 lennorm=0.8 -> geo_mean=23.72 bleu=13.30 chrf++=42.30
w=0.0 lennorm=1.0 -> geo_mean=24.08 bleu=13.48 chrf++=43.00
w=0.2 lennorm=0.6 -> geo_mean=25.80 bleu=14.87 chrf++=44.75
w=0.2 lennorm=0.8 -> geo_mean=25.65 bleu=14.79 chrf++=44.46
w=0.2 lennorm=1.0 -> geo_mean=25.67 bleu=14.77 chrf++=44.62
w=0.3 lennorm=0.6 -> geo_mean=25.74 bleu=14.76 chrf++=44.88
w=0.3 lennorm=0.8 -> geo_mean=25.77 bleu=14.82 chrf++=44.81
w=0.3 lennorm=1.0 -> geo_mean=25.86 bleu=14.80 chrf++=45.20
w=0.4 lennorm=0.6 -> geo_mean=25.80 bleu=14.80 chrf++=44.96
w=0.4 lennorm=0.8 -> geo_mean=26.23 bleu=15.07 chrf++=45.64
w=0.4 lennorm=1.0 -> geo_mean=26.01 bleu=14.94 chrf++=45.31
w=0.5 lennorm=0.6 -> geo_mean=25.71 bleu=14.83 chrf++=44.59
w=0.5 lennorm=0.8 -> geo_mean=25.79 bleu=14.84 chrf++=44.81
w=0.5 lennorm=1.0 -> geo_mean=25.87 bleu=14.86 chrf++=45.03
w=0.6 lennorm=0.6 -> geo_mean=25.19 bleu=14.28 chrf++=44.44
w=0.6 lennorm=0.8 -> geo_mean=26.00 bleu=15.03 chrf++=44.96
w=0.6 lennorm=1.0 -> geo_mean=26.03 bleu=15.03 chrf++=45.10
w=0.7 lennorm=0.6 -> geo_mean=25.33 bleu=14.43 chrf++=44.45
w=0.7 lennorm=0.8 -> geo_mean=26.10 bleu=15.13 chrf++=45.04
w=0.7 lennorm=1.0 -> geo_mean=25.56 bleu=14.52 chrf++=44.98
w=0.8 lennorm=0.6 -> geo_mean=23.94 bleu=13.17 chrf++=43.53
w=0.8 lennorm=0.8 -> geo_mean=24.83 bleu=14.07 chrf++=43.82
w=0.8 lennorm=1.0 -> geo_mean=24.71 bleu=13.96 chrf++=43.71
w=1.0 lennorm=0.6 -> geo_mean=22.64 bleu=12.41 chrf++=41.30
w=1.0 lennorm=0.8 -> geo_mean=22.53 bleu=12.26 chrf++=41.39
w=1.0 lennorm=1.0 -> geo_mean=22.41 bleu=12.19 chrf++=41.18

=== best ensemble: w=0.4 lennorm=0.8 ===
{'bleu': 15.069440790669352, 'chrf++': 45.64158775126727, 'geo_mean': 26.225811793152594, 'length_ratio': 0.9793103448275862}

wrote /home/s124z/KATHEE/nllb/eval_out/ensemble_scores.json
