Sender: LSF System <lsfadmin@nct-superh200-01>
Subject: Job 52919202: <submit-ensemble> in cluster <DKFZ> Done

Job <submit-ensemble> was submitted from host <odcf-worker02.dkfz-heidelberg.de> by user <s124z> in cluster <DKFZ> at Sat Aug 15 21:41:54 2026
Job was executed on host(s) <nct-superh200-01>, in queue <gpu-pro>, as user <s124z> in cluster <DKFZ> at Sat Aug 15 21:45:50 2026
</home/s124z> was used as the home directory.
</home/s124z/KATHEE/nllb> was used as the working directory.
Started at Sat Aug 15 21:45:50 2026
Terminated at Sat Aug 15 22:12:32 2026
Results reported at Sat Aug 15 22:12:32 2026

Your job looked like:

------------------------------------------------------------
# LSBATCH: User input
bash -i -c '
        . /home/s124z/env_scripts/kathe.sh &&
        export HF_HOME=/dkfz/cluster/gpu/data/OE0176/s124z/hf_cache &&
        export HF_HUB_OFFLINE=1 &&
        cd /home/s124z/KATHEE/nllb &&
        python -u make_dev_submission_ensemble.py
    '
------------------------------------------------------------

Successfully completed.

Resource usage summary:

    CPU time :                                   1823.00 sec.
    Max Memory :                                 8805 MB
    Average Memory :                             3801.83 MB
    Total Requested Memory :                     -
    Delta Memory :                               -
    Max Swap :                                   -
    Max Processes :                              4
    Max Threads :                                69
    Run time :                                   1598 sec.
    Turnaround time :                            1838 sec.

The output (if any) follows:

bash: cannot set terminal process group (292321): Inappropriate ioctl for device
bash: no job control in this shell
ERROR: Unable to locate a modulefile for 'cuda/12.1'
1730 dev sentences
/dkfz/cluster/gpu/data/OE0176/s124z/endo_conda_install/envs/KATHE/lib/python3.10/site-packages/transformers/tokenization_utils_base.py:1601: FutureWarning: `clean_up_tokenization_spaces` was not set. It will be set to `True` by default. This behavior will be depracted in transformers v4.45, and will be then set to `False` by default. For more details check this issue: https://github.com/huggingface/transformers/issues/31884
  warnings.warn(

### generating with 1.3B
gen 4/1730
gen 8/1730
gen 12/1730
gen 16/1730
gen 20/1730
gen 24/1730
gen 28/1730
gen 32/1730
gen 36/1730
gen 40/1730
gen 44/1730
gen 48/1730
gen 52/1730
gen 56/1730
gen 60/1730
gen 64/1730
gen 68/1730
gen 72/1730
gen 76/1730
gen 80/1730
gen 84/1730
gen 88/1730
gen 92/1730
gen 96/1730
gen 100/1730
gen 104/1730
gen 108/1730
gen 112/1730
gen 116/1730
gen 120/1730
gen 124/1730
gen 128/1730
gen 132/1730
gen 136/1730
gen 140/1730
gen 144/1730
gen 148/1730
gen 152/1730
gen 156/1730
gen 160/1730
gen 164/1730
gen 168/1730
gen 172/1730
gen 176/1730
gen 180/1730
gen 184/1730
gen 188/1730
gen 192/1730
gen 196/1730
gen 200/1730
gen 204/1730
gen 208/1730
gen 212/1730
gen 216/1730
gen 220/1730
gen 224/1730
gen 228/1730
gen 232/1730
gen 236/1730
gen 240/1730
gen 244/1730
gen 248/1730
gen 252/1730
gen 256/1730
gen 260/1730
gen 264/1730
gen 268/1730
gen 272/1730
gen 276/1730
gen 280/1730
gen 284/1730
gen 288/1730
gen 292/1730
gen 296/1730
gen 300/1730
gen 304/1730
gen 308/1730
gen 312/1730
gen 316/1730
gen 320/1730
gen 324/1730
gen 328/1730
gen 332/1730
gen 336/1730
gen 340/1730
gen 344/1730
gen 348/1730
gen 352/1730
gen 356/1730
gen 360/1730
gen 364/1730
gen 368/1730
gen 372/1730
gen 376/1730
gen 380/1730
gen 384/1730
gen 388/1730
gen 392/1730
gen 396/1730
gen 400/1730
gen 404/1730
gen 408/1730
gen 412/1730
gen 416/1730
gen 420/1730
gen 424/1730
gen 428/1730
gen 432/1730
gen 436/1730
gen 440/1730
gen 444/1730
gen 448/1730
gen 452/1730
gen 456/1730
gen 460/1730
gen 464/1730
gen 468/1730
gen 472/1730
gen 476/1730
gen 480/1730
gen 484/1730
gen 488/1730
gen 492/1730
gen 496/1730
gen 500/1730
gen 504/1730
gen 508/1730
gen 512/1730
gen 516/1730
gen 520/1730
gen 524/1730
gen 528/1730
gen 532/1730
gen 536/1730
gen 540/1730
gen 544/1730
gen 548/1730
gen 552/1730
gen 556/1730
gen 560/1730
gen 564/1730
gen 568/1730
gen 572/1730
gen 576/1730
gen 580/1730
gen 584/1730
gen 588/1730
gen 592/1730
gen 596/1730
gen 600/1730
gen 604/1730
gen 608/1730
gen 612/1730
gen 616/1730
gen 620/1730
gen 624/1730
gen 628/1730
gen 632/1730
gen 636/1730
gen 640/1730
gen 644/1730
gen 648/1730
gen 652/1730
gen 656/1730
gen 660/1730
gen 664/1730
gen 668/1730
gen 672/1730
gen 676/1730
gen 680/1730
gen 684/1730
gen 688/1730
gen 692/1730
gen 696/1730
gen 700/1730
gen 704/1730
gen 708/1730
gen 712/1730
gen 716/1730
gen 720/1730
gen 724/1730
gen 728/1730
gen 732/1730
gen 736/1730
gen 740/1730
gen 744/1730
gen 748/1730
gen 752/1730
gen 756/1730
gen 760/1730
gen 764/1730
gen 768/1730
gen 772/1730
gen 776/1730
gen 780/1730
gen 784/1730
gen 788/1730
gen 792/1730
gen 796/1730
gen 800/1730
gen 804/1730
gen 808/1730
gen 812/1730
gen 816/1730
gen 820/1730
gen 824/1730
gen 828/1730
gen 832/1730
gen 836/1730
gen 840/1730
gen 844/1730
gen 848/1730
gen 852/1730
gen 856/1730
gen 860/1730
gen 864/1730
gen 868/1730
gen 872/1730
gen 876/1730
gen 880/1730
gen 884/1730
gen 888/1730
gen 892/1730
gen 896/1730
gen 900/1730
gen 904/1730
gen 908/1730
gen 912/1730
gen 916/1730
gen 920/1730
gen 924/1730
gen 928/1730
gen 932/1730
gen 936/1730
gen 940/1730
gen 944/1730
gen 948/1730
gen 952/1730
gen 956/1730
gen 960/1730
gen 964/1730
gen 968/1730
gen 972/1730
gen 976/1730
gen 980/1730
gen 984/1730
gen 988/1730
gen 992/1730
gen 996/1730
gen 1000/1730
gen 1004/1730
gen 1008/1730
gen 1012/1730
gen 1016/1730
gen 1020/1730
gen 1024/1730
gen 1028/1730
gen 1032/1730
gen 1036/1730
gen 1040/1730
gen 1044/1730
gen 1048/1730
gen 1052/1730
gen 1056/1730
gen 1060/1730
gen 1064/1730
gen 1068/1730
gen 1072/1730
gen 1076/1730
gen 1080/1730
gen 1084/1730
gen 1088/1730
gen 1092/1730
gen 1096/1730
gen 1100/1730
gen 1104/1730
gen 1108/1730
gen 1112/1730
gen 1116/1730
gen 1120/1730
gen 1124/1730
gen 1128/1730
gen 1132/1730
gen 1136/1730
gen 1140/1730
gen 1144/1730
gen 1148/1730
gen 1152/1730
gen 1156/1730
gen 1160/1730
gen 1164/1730
gen 1168/1730
gen 1172/1730
gen 1176/1730
gen 1180/1730
gen 1184/1730
gen 1188/1730
gen 1192/1730
gen 1196/1730
gen 1200/1730
gen 1204/1730
gen 1208/1730
gen 1212/1730
gen 1216/1730
gen 1220/1730
gen 1224/1730
gen 1228/1730
gen 1232/1730
gen 1236/1730
gen 1240/1730
gen 1244/1730
gen 1248/1730
gen 1252/1730
gen 1256/1730
gen 1260/1730
gen 1264/1730
gen 1268/1730
gen 1272/1730
gen 1276/1730
gen 1280/1730
gen 1284/1730
gen 1288/1730
gen 1292/1730
gen 1296/1730
gen 1300/1730
gen 1304/1730
gen 1308/1730
gen 1312/1730
gen 1316/1730
gen 1320/1730
gen 1324/1730
gen 1328/1730
gen 1332/1730
gen 1336/1730
gen 1340/1730
gen 1344/1730
gen 1348/1730
gen 1352/1730
gen 1356/1730
gen 1360/1730
gen 1364/1730
gen 1368/1730
gen 1372/1730
gen 1376/1730
gen 1380/1730
gen 1384/1730
gen 1388/1730
gen 1392/1730
gen 1396/1730
gen 1400/1730
gen 1404/1730
gen 1408/1730
gen 1412/1730
gen 1416/1730
gen 1420/1730
gen 1424/1730
gen 1428/1730
gen 1432/1730
gen 1436/1730
gen 1440/1730
gen 1444/1730
gen 1448/1730
gen 1452/1730
gen 1456/1730
gen 1460/1730
gen 1464/1730
gen 1468/1730
gen 1472/1730
gen 1476/1730
gen 1480/1730
gen 1484/1730
gen 1488/1730
gen 1492/1730
gen 1496/1730
gen 1500/1730
gen 1504/1730
gen 1508/1730
gen 1512/1730
gen 1516/1730
gen 1520/1730
gen 1524/1730
gen 1528/1730
gen 1532/1730
gen 1536/1730
gen 1540/1730
gen 1544/1730
gen 1548/1730
gen 1552/1730
gen 1556/1730
gen 1560/1730
gen 1564/1730
gen 1568/1730
gen 1572/1730
gen 1576/1730
gen 1580/1730
gen 1584/1730
gen 1588/1730
gen 1592/1730
gen 1596/1730
gen 1600/1730
gen 1604/1730
gen 1608/1730
gen 1612/1730
gen 1616/1730
gen 1620/1730
gen 1624/1730
gen 1628/1730
gen 1632/1730
gen 1636/1730
gen 1640/1730
gen 1644/1730
gen 1648/1730
gen 1652/1730
gen 1656/1730
gen 1660/1730
gen 1664/1730
gen 1668/1730
gen 1672/1730
gen 1676/1730
gen 1680/1730
gen 1684/1730
gen 1688/1730
gen 1692/1730
gen 1696/1730
gen 1700/1730
gen 1704/1730
gen 1708/1730
gen 1712/1730
gen 1716/1730
gen 1720/1730
gen 1724/1730
gen 1728/1730
gen 1730/1730

### generating with 3.3B
Loading checkpoint shards:   0%|          | 0/3 [00:00<?, ?it/s]Loading checkpoint shards:  33%|███▎      | 1/3 [00:03<00:06,  3.05s/it]Loading checkpoint shards:  67%|██████▋   | 2/3 [00:06<00:03,  3.10s/it]Loading checkpoint shards: 100%|██████████| 3/3 [00:06<00:00,  1.87s/it]Loading checkpoint shards: 100%|██████████| 3/3 [00:06<00:00,  2.19s/it]
gen 4/1730
gen 8/1730
gen 12/1730
gen 16/1730
gen 20/1730
gen 24/1730
gen 28/1730
gen 32/1730
gen 36/1730
gen 40/1730
gen 44/1730
gen 48/1730
gen 52/1730
gen 56/1730
gen 60/1730
gen 64/1730
gen 68/1730
gen 72/1730
gen 76/1730
gen 80/1730
gen 84/1730
gen 88/1730
gen 92/1730
gen 96/1730
gen 100/1730
gen 104/1730
gen 108/1730
gen 112/1730
gen 116/1730
gen 120/1730
gen 124/1730
gen 128/1730
gen 132/1730
gen 136/1730
gen 140/1730
gen 144/1730
gen 148/1730
gen 152/1730
gen 156/1730
gen 160/1730
gen 164/1730
gen 168/1730
gen 172/1730
gen 176/1730
gen 180/1730
gen 184/1730
gen 188/1730
gen 192/1730
gen 196/1730
gen 200/1730
gen 204/1730
gen 208/1730
gen 212/1730
gen 216/1730
gen 220/1730
gen 224/1730
gen 228/1730
gen 232/1730
gen 236/1730
gen 240/1730
gen 244/1730
gen 248/1730
gen 252/1730
gen 256/1730
gen 260/1730
gen 264/1730
gen 268/1730
gen 272/1730
gen 276/1730
gen 280/1730
gen 284/1730
gen 288/1730
gen 292/1730
gen 296/1730
gen 300/1730
gen 304/1730
gen 308/1730
gen 312/1730
gen 316/1730
gen 320/1730
gen 324/1730
gen 328/1730
gen 332/1730
gen 336/1730
gen 340/1730
gen 344/1730
gen 348/1730
gen 352/1730
gen 356/1730
gen 360/1730
gen 364/1730
gen 368/1730
gen 372/1730
gen 376/1730
gen 380/1730
gen 384/1730
gen 388/1730
gen 392/1730
gen 396/1730
gen 400/1730
gen 404/1730
gen 408/1730
gen 412/1730
gen 416/1730
gen 420/1730
gen 424/1730
gen 428/1730
gen 432/1730
gen 436/1730
gen 440/1730
gen 444/1730
gen 448/1730
gen 452/1730
gen 456/1730
gen 460/1730
gen 464/1730
gen 468/1730
gen 472/1730
gen 476/1730
gen 480/1730
gen 484/1730
gen 488/1730
gen 492/1730
gen 496/1730
gen 500/1730
gen 504/1730
gen 508/1730
gen 512/1730
gen 516/1730
gen 520/1730
gen 524/1730
gen 528/1730
gen 532/1730
gen 536/1730
gen 540/1730
gen 544/1730
gen 548/1730
gen 552/1730
gen 556/1730
gen 560/1730
gen 564/1730
gen 568/1730
gen 572/1730
gen 576/1730
gen 580/1730
gen 584/1730
gen 588/1730
gen 592/1730
gen 596/1730
gen 600/1730
gen 604/1730
gen 608/1730
gen 612/1730
gen 616/1730
gen 620/1730
gen 624/1730
gen 628/1730
gen 632/1730
gen 636/1730
gen 640/1730
gen 644/1730
gen 648/1730
gen 652/1730
gen 656/1730
gen 660/1730
gen 664/1730
gen 668/1730
gen 672/1730
gen 676/1730
gen 680/1730
gen 684/1730
gen 688/1730
gen 692/1730
gen 696/1730
gen 700/1730
gen 704/1730
gen 708/1730
gen 712/1730
gen 716/1730
gen 720/1730
gen 724/1730
gen 728/1730
gen 732/1730
gen 736/1730
gen 740/1730
gen 744/1730
gen 748/1730
gen 752/1730
gen 756/1730
gen 760/1730
gen 764/1730
gen 768/1730
gen 772/1730
gen 776/1730
gen 780/1730
gen 784/1730
gen 788/1730
gen 792/1730
gen 796/1730
gen 800/1730
gen 804/1730
gen 808/1730
gen 812/1730
gen 816/1730
gen 820/1730
gen 824/1730
gen 828/1730
gen 832/1730
gen 836/1730
gen 840/1730
gen 844/1730
gen 848/1730
gen 852/1730
gen 856/1730
gen 860/1730
gen 864/1730
gen 868/1730
gen 872/1730
gen 876/1730
gen 880/1730
gen 884/1730
gen 888/1730
gen 892/1730
gen 896/1730
gen 900/1730
gen 904/1730
gen 908/1730
gen 912/1730
gen 916/1730
gen 920/1730
gen 924/1730
gen 928/1730
gen 932/1730
gen 936/1730
gen 940/1730
gen 944/1730
gen 948/1730
gen 952/1730
gen 956/1730
gen 960/1730
gen 964/1730
gen 968/1730
gen 972/1730
gen 976/1730
gen 980/1730
gen 984/1730
gen 988/1730
gen 992/1730
gen 996/1730
gen 1000/1730
gen 1004/1730
gen 1008/1730
gen 1012/1730
gen 1016/1730
gen 1020/1730
gen 1024/1730
gen 1028/1730
gen 1032/1730
gen 1036/1730
gen 1040/1730
gen 1044/1730
gen 1048/1730
gen 1052/1730
gen 1056/1730
gen 1060/1730
gen 1064/1730
gen 1068/1730
gen 1072/1730
gen 1076/1730
gen 1080/1730
gen 1084/1730
gen 1088/1730
gen 1092/1730
gen 1096/1730
gen 1100/1730
gen 1104/1730
gen 1108/1730
gen 1112/1730
gen 1116/1730
gen 1120/1730
gen 1124/1730
gen 1128/1730
gen 1132/1730
gen 1136/1730
gen 1140/1730
gen 1144/1730
gen 1148/1730
gen 1152/1730
gen 1156/1730
gen 1160/1730
gen 1164/1730
gen 1168/1730
gen 1172/1730
gen 1176/1730
gen 1180/1730
gen 1184/1730
gen 1188/1730
gen 1192/1730
gen 1196/1730
gen 1200/1730
gen 1204/1730
gen 1208/1730
gen 1212/1730
gen 1216/1730
gen 1220/1730
gen 1224/1730
gen 1228/1730
gen 1232/1730
gen 1236/1730
gen 1240/1730
gen 1244/1730
gen 1248/1730
gen 1252/1730
gen 1256/1730
gen 1260/1730
gen 1264/1730
gen 1268/1730
gen 1272/1730
gen 1276/1730
gen 1280/1730
gen 1284/1730
gen 1288/1730
gen 1292/1730
gen 1296/1730
gen 1300/1730
gen 1304/1730
gen 1308/1730
gen 1312/1730
gen 1316/1730
gen 1320/1730
gen 1324/1730
gen 1328/1730
gen 1332/1730
gen 1336/1730
gen 1340/1730
gen 1344/1730
gen 1348/1730
gen 1352/1730
gen 1356/1730
gen 1360/1730
gen 1364/1730
gen 1368/1730
gen 1372/1730
gen 1376/1730
gen 1380/1730
gen 1384/1730
gen 1388/1730
gen 1392/1730
gen 1396/1730
gen 1400/1730
gen 1404/1730
gen 1408/1730
gen 1412/1730
gen 1416/1730
gen 1420/1730
gen 1424/1730
gen 1428/1730
gen 1432/1730
gen 1436/1730
gen 1440/1730
gen 1444/1730
gen 1448/1730
gen 1452/1730
gen 1456/1730
gen 1460/1730
gen 1464/1730
gen 1468/1730
gen 1472/1730
gen 1476/1730
gen 1480/1730
gen 1484/1730
gen 1488/1730
gen 1492/1730
gen 1496/1730
gen 1500/1730
gen 1504/1730
gen 1508/1730
gen 1512/1730
gen 1516/1730
gen 1520/1730
gen 1524/1730
gen 1528/1730
gen 1532/1730
gen 1536/1730
gen 1540/1730
gen 1544/1730
gen 1548/1730
gen 1552/1730
gen 1556/1730
gen 1560/1730
gen 1564/1730
gen 1568/1730
gen 1572/1730
gen 1576/1730
gen 1580/1730
gen 1584/1730
gen 1588/1730
gen 1592/1730
gen 1596/1730
gen 1600/1730
gen 1604/1730
gen 1608/1730
gen 1612/1730
gen 1616/1730
gen 1620/1730
gen 1624/1730
gen 1628/1730
gen 1632/1730
gen 1636/1730
gen 1640/1730
gen 1644/1730
gen 1648/1730
gen 1652/1730
gen 1656/1730
gen 1660/1730
gen 1664/1730
gen 1668/1730
gen 1672/1730
gen 1676/1730
gen 1680/1730
gen 1684/1730
gen 1688/1730
gen 1692/1730
gen 1696/1730
gen 1700/1730
gen 1704/1730
gen 1708/1730
gen 1712/1730
gen 1716/1730
gen 1720/1730
gen 1724/1730
gen 1728/1730
gen 1730/1730
cached n-best to /home/s124z/KATHEE/nllb/eval_out/dev_nbest_cache.json
pooled: mean 15.3 candidates/sentence
26554 candidates to score under each model

### scoring under 1.3B
score 16/26554
score 32/26554
score 48/26554
score 64/26554
score 80/26554
score 96/26554
score 112/26554
score 128/26554
score 144/26554
score 160/26554
score 176/26554
score 192/26554
score 208/26554
score 224/26554
score 240/26554
score 256/26554
score 272/26554
score 288/26554
score 304/26554
score 320/26554
score 336/26554
score 352/26554
score 368/26554
score 384/26554
score 400/26554
score 416/26554
score 432/26554
score 448/26554
score 464/26554
score 480/26554
score 496/26554
score 512/26554
score 528/26554
score 544/26554
score 560/26554
score 576/26554
score 592/26554
score 608/26554
score 624/26554
score 640/26554
score 656/26554
score 672/26554
score 688/26554
score 704/26554
score 720/26554
score 736/26554
score 752/26554
score 768/26554
score 784/26554
score 800/26554
score 816/26554
score 832/26554
score 848/26554
score 864/26554
score 880/26554
score 896/26554
score 912/26554
score 928/26554
score 944/26554
score 960/26554
score 976/26554
score 992/26554
score 1008/26554
score 1024/26554
score 1040/26554
score 1056/26554
score 1072/26554
score 1088/26554
score 1104/26554
score 1120/26554
score 1136/26554
score 1152/26554
score 1168/26554
score 1184/26554
score 1200/26554
score 1216/26554
score 1232/26554
score 1248/26554
score 1264/26554
score 1280/26554
score 1296/26554
score 1312/26554
score 1328/26554
score 1344/26554
score 1360/26554
score 1376/26554
score 1392/26554
score 1408/26554
score 1424/26554
score 1440/26554
score 1456/26554
score 1472/26554
score 1488/26554
score 1504/26554
score 1520/26554
score 1536/26554
score 1552/26554
score 1568/26554
score 1584/26554
score 1600/26554
score 1616/26554
score 1632/26554
score 1648/26554
score 1664/26554
score 1680/26554
score 1696/26554
score 1712/26554
score 1728/26554
score 1744/26554
score 1760/26554
score 1776/26554
score 1792/26554
score 1808/26554
score 1824/26554
score 1840/26554
score 1856/26554
score 1872/26554
score 1888/26554
score 1904/26554
score 1920/26554
score 1936/26554
score 1952/26554
score 1968/26554
score 1984/26554
score 2000/26554
score 2016/26554
score 2032/26554
score 2048/26554
score 2064/26554
score 2080/26554
score 2096/26554
score 2112/26554
score 2128/26554
score 2144/26554
score 2160/26554
score 2176/26554
score 2192/26554
score 2208/26554
score 2224/26554
score 2240/26554
score 2256/26554
score 2272/26554
score 2288/26554
score 2304/26554
score 2320/26554
score 2336/26554
score 2352/26554
score 2368/26554
score 2384/26554
score 2400/26554
score 2416/26554
score 2432/26554
score 2448/26554
score 2464/26554
score 2480/26554
score 2496/26554
score 2512/26554
score 2528/26554
score 2544/26554
score 2560/26554
score 2576/26554
score 2592/26554
score 2608/26554
score 2624/26554
score 2640/26554
score 2656/26554
score 2672/26554
score 2688/26554
score 2704/26554
score 2720/26554
score 2736/26554
score 2752/26554
score 2768/26554
score 2784/26554
score 2800/26554
score 2816/26554
score 2832/26554
score 2848/26554
score 2864/26554
score 2880/26554
score 2896/26554
score 2912/26554
score 2928/26554
score 2944/26554
score 2960/26554
score 2976/26554
score 2992/26554
score 3008/26554
score 3024/26554
score 3040/26554
score 3056/26554
score 3072/26554
score 3088/26554
score 3104/26554
score 3120/26554
score 3136/26554
score 3152/26554
score 3168/26554
score 3184/26554
score 3200/26554
score 3216/26554
score 3232/26554
score 3248/26554
score 3264/26554
score 3280/26554
score 3296/26554
score 3312/26554
score 3328/26554
score 3344/26554
score 3360/26554
score 3376/26554
score 3392/26554
score 3408/26554
score 3424/26554
score 3440/26554
score 3456/26554
score 3472/26554
score 3488/26554
score 3504/26554
score 3520/26554
score 3536/26554
score 3552/26554
score 3568/26554
score 3584/26554
score 3600/26554
score 3616/26554
score 3632/26554
score 3648/26554
score 3664/26554
score 3680/26554
score 3696/26554
score 3712/26554
score 3728/26554
score 3744/26554
score 3760/26554
score 3776/26554
score 3792/26554
score 3808/26554
score 3824/26554
score 3840/26554
score 3856/26554
score 3872/26554
score 3888/26554
score 3904/26554
score 3920/26554
score 3936/26554
score 3952/26554
score 3968/26554
score 3984/26554
score 4000/26554
score 4016/26554
score 4032/26554
score 4048/26554
score 4064/26554
score 4080/26554
score 4096/26554
score 4112/26554
score 4128/26554
score 4144/26554
score 4160/26554
score 4176/26554
score 4192/26554
score 4208/26554
score 4224/26554
score 4240/26554
score 4256/26554
score 4272/26554
score 4288/26554
score 4304/26554
score 4320/26554
score 4336/26554
score 4352/26554
score 4368/26554
score 4384/26554
score 4400/26554
score 4416/26554
score 4432/26554
score 4448/26554
score 4464/26554
score 4480/26554
score 4496/26554
score 4512/26554
score 4528/26554
score 4544/26554
score 4560/26554
score 4576/26554
score 4592/26554
score 4608/26554
score 4624/26554
score 4640/26554
score 4656/26554
score 4672/26554
score 4688/26554
score 4704/26554
score 4720/26554
score 4736/26554
score 4752/26554
score 4768/26554
score 4784/26554
score 4800/26554
score 4816/26554
score 4832/26554
score 4848/26554
score 4864/26554
score 4880/26554
score 4896/26554
score 4912/26554
score 4928/26554
score 4944/26554
score 4960/26554
score 4976/26554
score 4992/26554
score 5008/26554
score 5024/26554
score 5040/26554
score 5056/26554
score 5072/26554
score 5088/26554
score 5104/26554
score 5120/26554
score 5136/26554
score 5152/26554
score 5168/26554
score 5184/26554
score 5200/26554
score 5216/26554
score 5232/26554
score 5248/26554
score 5264/26554
score 5280/26554
score 5296/26554
score 5312/26554
score 5328/26554
score 5344/26554
score 5360/26554
score 5376/26554
score 5392/26554
score 5408/26554
score 5424/26554
score 5440/26554
score 5456/26554
score 5472/26554
score 5488/26554
score 5504/26554
score 5520/26554
score 5536/26554
score 5552/26554
score 5568/26554
score 5584/26554
score 5600/26554
score 5616/26554
score 5632/26554
score 5648/26554
score 5664/26554
score 5680/26554
score 5696/26554
score 5712/26554
score 5728/26554
score 5744/26554
score 5760/26554
score 5776/26554
score 5792/26554
score 5808/26554
score 5824/26554
score 5840/26554
score 5856/26554
score 5872/26554
score 5888/26554
score 5904/26554
score 5920/26554
score 5936/26554
score 5952/26554
score 5968/26554
score 5984/26554
score 6000/26554
score 6016/26554
score 6032/26554
score 6048/26554
score 6064/26554
score 6080/26554
score 6096/26554
score 6112/26554
score 6128/26554
score 6144/26554
score 6160/26554
score 6176/26554
score 6192/26554
score 6208/26554
score 6224/26554
score 6240/26554
score 6256/26554
score 6272/26554
score 6288/26554
score 6304/26554
score 6320/26554
score 6336/26554
score 6352/26554
score 6368/26554
score 6384/26554
score 6400/26554
score 6416/26554
score 6432/26554
score 6448/26554
score 6464/26554
score 6480/26554
score 6496/26554
score 6512/26554
score 6528/26554
score 6544/26554
score 6560/26554
score 6576/26554
score 6592/26554
score 6608/26554
score 6624/26554
score 6640/26554
score 6656/26554
score 6672/26554
score 6688/26554
score 6704/26554
score 6720/26554
score 6736/26554
score 6752/26554
score 6768/26554
score 6784/26554
score 6800/26554
score 6816/26554
score 6832/26554
score 6848/26554
score 6864/26554
score 6880/26554
score 6896/26554
score 6912/26554
score 6928/26554
score 6944/26554
score 6960/26554
score 6976/26554
score 6992/26554
score 7008/26554
score 7024/26554
score 7040/26554
score 7056/26554
score 7072/26554
score 7088/26554
score 7104/26554
score 7120/26554
score 7136/26554
score 7152/26554
score 7168/26554
score 7184/26554
score 7200/26554
score 7216/26554
score 7232/26554
score 7248/26554
score 7264/26554
score 7280/26554
score 7296/26554
score 7312/26554
score 7328/26554
score 7344/26554
score 7360/26554
score 7376/26554
score 7392/26554
score 7408/26554
score 7424/26554
score 7440/26554
score 7456/26554
score 7472/26554
score 7488/26554
score 7504/26554
score 7520/26554
score 7536/26554
score 7552/26554
score 7568/26554
score 7584/26554
score 7600/26554
score 7616/26554
score 7632/26554
score 7648/26554
score 7664/26554
score 7680/26554
score 7696/26554
score 7712/26554
score 7728/26554
score 7744/26554
score 7760/26554
score 7776/26554
score 7792/26554
score 7808/26554
score 7824/26554
score 7840/26554
score 7856/26554
score 7872/26554
score 7888/26554
score 7904/26554
score 7920/26554
score 7936/26554
score 7952/26554
score 7968/26554
score 7984/26554
score 8000/26554
score 8016/26554
score 8032/26554
score 8048/26554
score 8064/26554
score 8080/26554
score 8096/26554
score 8112/26554
score 8128/26554
score 8144/26554
score 8160/26554
score 8176/26554
score 8192/26554
score 8208/26554
score 8224/26554
score 8240/26554
score 8256/26554
score 8272/26554
score 8288/26554
score 8304/26554
score 8320/26554
score 8336/26554
score 8352/26554
score 8368/26554
score 8384/26554
score 8400/26554
score 8416/26554
score 8432/26554
score 8448/26554
score 8464/26554
score 8480/26554
score 8496/26554
score 8512/26554
score 8528/26554
score 8544/26554
score 8560/26554
score 8576/26554
score 8592/26554
score 8608/26554
score 8624/26554
score 8640/26554
score 8656/26554
score 8672/26554
score 8688/26554
score 8704/26554
score 8720/26554
score 8736/26554
score 8752/26554
score 8768/26554
score 8784/26554
score 8800/26554
score 8816/26554
score 8832/26554
score 8848/26554
score 8864/26554
score 8880/26554
score 8896/26554
score 8912/26554
score 8928/26554
score 8944/26554
score 8960/26554
score 8976/26554
score 8992/26554
score 9008/26554
score 9024/26554
score 9040/26554
score 9056/26554
score 9072/26554
score 9088/26554
score 9104/26554
score 9120/26554
score 9136/26554
score 9152/26554
score 9168/26554
score 9184/26554
score 9200/26554
score 9216/26554
score 9232/26554
score 9248/26554
score 9264/26554
score 9280/26554
score 9296/26554
score 9312/26554
score 9328/26554
score 9344/26554
score 9360/26554
score 9376/26554
score 9392/26554
score 9408/26554
score 9424/26554
score 9440/26554
score 9456/26554
score 9472/26554
score 9488/26554
score 9504/26554
score 9520/26554
score 9536/26554
score 9552/26554
score 9568/26554
score 9584/26554
score 9600/26554
score 9616/26554
score 9632/26554
score 9648/26554
score 9664/26554
score 9680/26554
score 9696/26554
score 9712/26554
score 9728/26554
score 9744/26554
score 9760/26554
score 9776/26554
score 9792/26554
score 9808/26554
score 9824/26554
score 9840/26554
score 9856/26554
score 9872/26554
score 9888/26554
score 9904/26554
score 9920/26554
score 9936/26554
score 9952/26554
score 9968/26554
score 9984/26554
score 10000/26554
score 10016/26554
score 10032/26554
score 10048/26554
score 10064/26554
score 10080/26554
score 10096/26554
score 10112/26554
score 10128/26554
score 10144/26554
score 10160/26554
score 10176/26554
score 10192/26554
score 10208/26554
score 10224/26554
score 10240/26554
score 10256/26554
score 10272/26554
score 10288/26554
score 10304/26554
score 10320/26554
score 10336/26554
score 10352/26554
score 10368/26554
score 10384/26554
score 10400/26554
score 10416/26554
score 10432/26554
score 10448/26554
score 10464/26554
score 10480/26554
score 10496/26554
score 10512/26554
score 10528/26554
score 10544/26554
score 10560/26554
score 10576/26554
score 10592/26554
score 10608/26554
score 10624/26554
score 10640/26554
score 10656/26554
score 10672/26554
score 10688/26554
score 10704/26554
score 10720/26554
score 10736/26554
score 10752/26554
score 10768/26554
score 10784/26554
score 10800/26554
score 10816/26554
score 10832/26554
score 10848/26554
score 10864/26554
score 10880/26554
score 10896/26554
score 10912/26554
score 10928/26554
score 10944/26554
score 10960/26554
score 10976/26554
score 10992/26554
score 11008/26554
score 11024/26554
score 11040/26554
score 11056/26554
score 11072/26554
score 11088/26554
score 11104/26554
score 11120/26554
score 11136/26554
score 11152/26554
score 11168/26554
score 11184/26554
score 11200/26554
score 11216/26554
score 11232/26554
score 11248/26554
score 11264/26554
score 11280/26554
score 11296/26554
score 11312/26554
score 11328/26554
score 11344/26554
score 11360/26554
score 11376/26554
score 11392/26554
score 11408/26554
score 11424/26554
score 11440/26554
score 11456/26554
score 11472/26554
score 11488/26554
score 11504/26554
score 11520/26554
score 11536/26554
score 11552/26554
score 11568/26554
score 11584/26554
score 11600/26554
score 11616/26554
score 11632/26554
score 11648/26554
score 11664/26554
score 11680/26554
score 11696/26554
score 11712/26554
score 11728/26554
score 11744/26554
score 11760/26554
score 11776/26554
score 11792/26554
score 11808/26554
score 11824/26554
score 11840/26554
score 11856/26554
score 11872/26554
score 11888/26554
score 11904/26554
score 11920/26554
score 11936/26554
score 11952/26554
score 11968/26554
score 11984/26554
score 12000/26554
score 12016/26554
score 12032/26554
score 12048/26554
score 12064/26554
score 12080/26554
score 12096/26554
score 12112/26554
score 12128/26554
score 12144/26554
score 12160/26554
score 12176/26554
score 12192/26554
score 12208/26554
score 12224/26554
score 12240/26554
score 12256/26554
score 12272/26554
score 12288/26554
score 12304/26554
score 12320/26554
score 12336/26554
score 12352/26554
score 12368/26554
score 12384/26554
score 12400/26554
score 12416/26554
score 12432/26554
score 12448/26554
score 12464/26554
score 12480/26554
score 12496/26554
score 12512/26554
score 12528/26554
score 12544/26554
score 12560/26554
score 12576/26554
score 12592/26554
score 12608/26554
score 12624/26554
score 12640/26554
score 12656/26554
score 12672/26554
score 12688/26554
score 12704/26554
score 12720/26554
score 12736/26554
score 12752/26554
score 12768/26554
score 12784/26554
score 12800/26554
score 12816/26554
score 12832/26554
score 12848/26554
score 12864/26554
score 12880/26554
score 12896/26554
score 12912/26554
score 12928/26554
score 12944/26554
score 12960/26554
score 12976/26554
score 12992/26554
score 13008/26554
score 13024/26554
score 13040/26554
score 13056/26554
score 13072/26554
score 13088/26554
score 13104/26554
score 13120/26554
score 13136/26554
score 13152/26554
score 13168/26554
score 13184/26554
score 13200/26554
score 13216/26554
score 13232/26554
score 13248/26554
score 13264/26554
score 13280/26554
score 13296/26554
score 13312/26554
score 13328/26554
score 13344/26554
score 13360/26554
score 13376/26554
score 13392/26554
score 13408/26554
score 13424/26554
score 13440/26554
score 13456/26554
score 13472/26554
score 13488/26554
score 13504/26554
score 13520/26554
score 13536/26554
score 13552/26554
score 13568/26554
score 13584/26554
score 13600/26554
score 13616/26554
score 13632/26554
score 13648/26554
score 13664/26554
score 13680/26554
score 13696/26554
score 13712/26554
score 13728/26554
score 13744/26554
score 13760/26554
score 13776/26554
score 13792/26554
score 13808/26554
score 13824/26554
score 13840/26554
score 13856/26554
score 13872/26554
score 13888/26554
score 13904/26554
score 13920/26554
score 13936/26554
score 13952/26554
score 13968/26554
score 13984/26554
score 14000/26554
score 14016/26554
score 14032/26554
score 14048/26554
score 14064/26554
score 14080/26554
score 14096/26554
score 14112/26554
score 14128/26554
score 14144/26554
score 14160/26554
score 14176/26554
score 14192/26554
score 14208/26554
score 14224/26554
score 14240/26554
score 14256/26554
score 14272/26554
score 14288/26554
score 14304/26554
score 14320/26554
score 14336/26554
score 14352/26554
score 14368/26554
score 14384/26554
score 14400/26554
score 14416/26554
score 14432/26554
score 14448/26554
score 14464/26554
score 14480/26554
score 14496/26554
score 14512/26554
score 14528/26554
score 14544/26554
score 14560/26554
score 14576/26554
score 14592/26554
score 14608/26554
score 14624/26554
score 14640/26554
score 14656/26554
score 14672/26554
score 14688/26554
score 14704/26554
score 14720/26554
score 14736/26554
score 14752/26554
score 14768/26554
score 14784/26554
score 14800/26554
score 14816/26554
score 14832/26554
score 14848/26554
score 14864/26554
score 14880/26554
score 14896/26554
score 14912/26554
score 14928/26554
score 14944/26554
score 14960/26554
score 14976/26554
score 14992/26554
score 15008/26554
score 15024/26554
score 15040/26554
score 15056/26554
score 15072/26554
score 15088/26554
score 15104/26554
score 15120/26554
score 15136/26554
score 15152/26554
score 15168/26554
score 15184/26554
score 15200/26554
score 15216/26554
score 15232/26554
score 15248/26554
score 15264/26554
score 15280/26554
score 15296/26554
score 15312/26554
score 15328/26554
score 15344/26554
score 15360/26554
score 15376/26554
score 15392/26554
score 15408/26554
score 15424/26554
score 15440/26554
score 15456/26554
score 15472/26554
score 15488/26554
score 15504/26554
score 15520/26554
score 15536/26554
score 15552/26554
score 15568/26554
score 15584/26554
score 15600/26554
score 15616/26554
score 15632/26554
score 15648/26554
score 15664/26554
score 15680/26554
score 15696/26554
score 15712/26554
score 15728/26554
score 15744/26554
score 15760/26554
score 15776/26554
score 15792/26554
score 15808/26554
score 15824/26554
score 15840/26554
score 15856/26554
score 15872/26554
score 15888/26554
score 15904/26554
score 15920/26554
score 15936/26554
score 15952/26554
score 15968/26554
score 15984/26554
score 16000/26554
score 16016/26554
score 16032/26554
score 16048/26554
score 16064/26554
score 16080/26554
score 16096/26554
score 16112/26554
score 16128/26554
score 16144/26554
score 16160/26554
score 16176/26554
score 16192/26554
score 16208/26554
score 16224/26554
score 16240/26554
score 16256/26554
score 16272/26554
score 16288/26554
score 16304/26554
score 16320/26554
score 16336/26554
score 16352/26554
score 16368/26554
score 16384/26554
score 16400/26554
score 16416/26554
score 16432/26554
score 16448/26554
score 16464/26554
score 16480/26554
score 16496/26554
score 16512/26554
score 16528/26554
score 16544/26554
score 16560/26554
score 16576/26554
score 16592/26554
score 16608/26554
score 16624/26554
score 16640/26554
score 16656/26554
score 16672/26554
score 16688/26554
score 16704/26554
score 16720/26554
score 16736/26554
score 16752/26554
score 16768/26554
score 16784/26554
score 16800/26554
score 16816/26554
score 16832/26554
score 16848/26554
score 16864/26554
score 16880/26554
score 16896/26554
score 16912/26554
score 16928/26554
score 16944/26554
score 16960/26554
score 16976/26554
score 16992/26554
score 17008/26554
score 17024/26554
score 17040/26554
score 17056/26554
score 17072/26554
score 17088/26554
score 17104/26554
score 17120/26554
score 17136/26554
score 17152/26554
score 17168/26554
score 17184/26554
score 17200/26554
score 17216/26554
score 17232/26554
score 17248/26554
score 17264/26554
score 17280/26554
score 17296/26554
score 17312/26554
score 17328/26554
score 17344/26554
score 17360/26554
score 17376/26554
score 17392/26554
score 17408/26554
score 17424/26554
score 17440/26554
score 17456/26554
score 17472/26554
score 17488/26554
score 17504/26554
score 17520/26554
score 17536/26554
score 17552/26554
score 17568/26554
score 17584/26554
score 17600/26554
score 17616/26554
score 17632/26554
score 17648/26554
score 17664/26554
score 17680/26554
score 17696/26554
score 17712/26554
score 17728/26554
score 17744/26554
score 17760/26554
score 17776/26554
score 17792/26554
score 17808/26554
score 17824/26554
score 17840/26554
score 17856/26554
score 17872/26554
score 17888/26554
score 17904/26554
score 17920/26554
score 17936/26554
score 17952/26554
score 17968/26554
score 17984/26554
score 18000/26554
score 18016/26554
score 18032/26554
score 18048/26554
score 18064/26554
score 18080/26554
score 18096/26554
score 18112/26554
score 18128/26554
score 18144/26554
score 18160/26554
score 18176/26554
score 18192/26554
score 18208/26554
score 18224/26554
score 18240/26554
score 18256/26554
score 18272/26554
score 18288/26554
score 18304/26554
score 18320/26554
score 18336/26554
score 18352/26554
score 18368/26554
score 18384/26554
score 18400/26554
score 18416/26554
score 18432/26554
score 18448/26554
score 18464/26554
score 18480/26554
score 18496/26554
score 18512/26554
score 18528/26554
score 18544/26554
score 18560/26554
score 18576/26554
score 18592/26554
score 18608/26554
score 18624/26554
score 18640/26554
score 18656/26554
score 18672/26554
score 18688/26554
score 18704/26554
score 18720/26554
score 18736/26554
score 18752/26554
score 18768/26554
score 18784/26554
score 18800/26554
score 18816/26554
score 18832/26554
score 18848/26554
score 18864/26554
score 18880/26554
score 18896/26554
score 18912/26554
score 18928/26554
score 18944/26554
score 18960/26554
score 18976/26554
score 18992/26554
score 19008/26554
score 19024/26554
score 19040/26554
score 19056/26554
score 19072/26554
score 19088/26554
score 19104/26554
score 19120/26554
score 19136/26554
score 19152/26554
score 19168/26554
score 19184/26554
score 19200/26554
score 19216/26554
score 19232/26554
score 19248/26554
score 19264/26554
score 19280/26554
score 19296/26554
score 19312/26554
score 19328/26554
score 19344/26554
score 19360/26554
score 19376/26554
score 19392/26554
score 19408/26554
score 19424/26554
score 19440/26554
score 19456/26554
score 19472/26554
score 19488/26554
score 19504/26554
score 19520/26554
score 19536/26554
score 19552/26554
score 19568/26554
score 19584/26554
score 19600/26554
score 19616/26554
score 19632/26554
score 19648/26554
score 19664/26554
score 19680/26554
score 19696/26554
score 19712/26554
score 19728/26554
score 19744/26554
score 19760/26554
score 19776/26554
score 19792/26554
score 19808/26554
score 19824/26554
score 19840/26554
score 19856/26554
score 19872/26554
score 19888/26554
score 19904/26554
score 19920/26554
score 19936/26554
score 19952/26554
score 19968/26554
score 19984/26554
score 20000/26554
score 20016/26554
score 20032/26554
score 20048/26554
score 20064/26554
score 20080/26554
score 20096/26554
score 20112/26554
score 20128/26554
score 20144/26554
score 20160/26554
score 20176/26554
score 20192/26554
score 20208/26554
score 20224/26554
score 20240/26554
score 20256/26554
score 20272/26554
score 20288/26554
score 20304/26554
score 20320/26554
score 20336/26554
score 20352/26554
score 20368/26554
score 20384/26554
score 20400/26554
score 20416/26554
score 20432/26554
score 20448/26554
score 20464/26554
score 20480/26554
score 20496/26554
score 20512/26554
score 20528/26554
score 20544/26554
score 20560/26554
score 20576/26554
score 20592/26554
score 20608/26554
score 20624/26554
score 20640/26554
score 20656/26554
score 20672/26554
score 20688/26554
score 20704/26554
score 20720/26554
score 20736/26554
score 20752/26554
score 20768/26554
score 20784/26554
score 20800/26554
score 20816/26554
score 20832/26554
score 20848/26554
score 20864/26554
score 20880/26554
score 20896/26554
score 20912/26554
score 20928/26554
score 20944/26554
score 20960/26554
score 20976/26554
score 20992/26554
score 21008/26554
score 21024/26554
score 21040/26554
score 21056/26554
score 21072/26554
score 21088/26554
score 21104/26554
score 21120/26554
score 21136/26554
score 21152/26554
score 21168/26554
score 21184/26554
score 21200/26554
score 21216/26554
score 21232/26554
score 21248/26554
score 21264/26554
score 21280/26554
score 21296/26554
score 21312/26554
score 21328/26554
score 21344/26554
score 21360/26554
score 21376/26554
score 21392/26554
score 21408/26554
score 21424/26554
score 21440/26554
score 21456/26554
score 21472/26554
score 21488/26554
score 21504/26554
score 21520/26554
score 21536/26554
score 21552/26554
score 21568/26554
score 21584/26554
score 21600/26554
score 21616/26554
score 21632/26554
score 21648/26554
score 21664/26554
score 21680/26554
score 21696/26554
score 21712/26554
score 21728/26554
score 21744/26554
score 21760/26554
score 21776/26554
score 21792/26554
score 21808/26554
score 21824/26554
score 21840/26554
score 21856/26554
score 21872/26554
score 21888/26554
score 21904/26554
score 21920/26554
score 21936/26554
score 21952/26554
score 21968/26554
score 21984/26554
score 22000/26554
score 22016/26554
score 22032/26554
score 22048/26554
score 22064/26554
score 22080/26554
score 22096/26554
score 22112/26554
score 22128/26554
score 22144/26554
score 22160/26554
score 22176/26554
score 22192/26554
score 22208/26554
score 22224/26554
score 22240/26554
score 22256/26554
score 22272/26554
score 22288/26554
score 22304/26554
score 22320/26554
score 22336/26554
score 22352/26554
score 22368/26554
score 22384/26554
score 22400/26554
score 22416/26554
score 22432/26554
score 22448/26554
score 22464/26554
score 22480/26554
score 22496/26554
score 22512/26554
score 22528/26554
score 22544/26554
score 22560/26554
score 22576/26554
score 22592/26554
score 22608/26554
score 22624/26554
score 22640/26554
score 22656/26554
score 22672/26554
score 22688/26554
score 22704/26554
score 22720/26554
score 22736/26554
score 22752/26554
score 22768/26554
score 22784/26554
score 22800/26554
score 22816/26554
score 22832/26554
score 22848/26554
score 22864/26554
score 22880/26554
score 22896/26554
score 22912/26554
score 22928/26554
score 22944/26554
score 22960/26554
score 22976/26554
score 22992/26554
score 23008/26554
score 23024/26554
score 23040/26554
score 23056/26554
score 23072/26554
score 23088/26554
score 23104/26554
score 23120/26554
score 23136/26554
score 23152/26554
score 23168/26554
score 23184/26554
score 23200/26554
score 23216/26554
score 23232/26554
score 23248/26554
score 23264/26554
score 23280/26554
score 23296/26554
score 23312/26554
score 23328/26554
score 23344/26554
score 23360/26554
score 23376/26554
score 23392/26554
score 23408/26554
score 23424/26554
score 23440/26554
score 23456/26554
score 23472/26554
score 23488/26554
score 23504/26554
score 23520/26554
score 23536/26554
score 23552/26554
score 23568/26554
score 23584/26554
score 23600/26554
score 23616/26554
score 23632/26554
score 23648/26554
score 23664/26554
score 23680/26554
score 23696/26554
score 23712/26554
score 23728/26554
score 23744/26554
score 23760/26554
score 23776/26554
score 23792/26554
score 23808/26554
score 23824/26554
score 23840/26554
score 23856/26554
score 23872/26554
score 23888/26554
score 23904/26554
score 23920/26554
score 23936/26554
score 23952/26554
score 23968/26554
score 23984/26554
score 24000/26554
score 24016/26554
score 24032/26554
score 24048/26554
score 24064/26554
score 24080/26554
score 24096/26554
score 24112/26554
score 24128/26554
score 24144/26554
score 24160/26554
score 24176/26554
score 24192/26554
score 24208/26554
score 24224/26554
score 24240/26554
score 24256/26554
score 24272/26554
score 24288/26554
score 24304/26554
score 24320/26554
score 24336/26554
score 24352/26554
score 24368/26554
score 24384/26554
score 24400/26554
score 24416/26554
score 24432/26554
score 24448/26554
score 24464/26554
score 24480/26554
score 24496/26554
score 24512/26554
score 24528/26554
score 24544/26554
score 24560/26554
score 24576/26554
score 24592/26554
score 24608/26554
score 24624/26554
score 24640/26554
score 24656/26554
score 24672/26554
score 24688/26554
score 24704/26554
score 24720/26554
score 24736/26554
score 24752/26554
score 24768/26554
score 24784/26554
score 24800/26554
score 24816/26554
score 24832/26554
score 24848/26554
score 24864/26554
score 24880/26554
score 24896/26554
score 24912/26554
score 24928/26554
score 24944/26554
score 24960/26554
score 24976/26554
score 24992/26554
score 25008/26554
score 25024/26554
score 25040/26554
score 25056/26554
score 25072/26554
score 25088/26554
score 25104/26554
score 25120/26554
score 25136/26554
score 25152/26554
score 25168/26554
score 25184/26554
score 25200/26554
score 25216/26554
score 25232/26554
score 25248/26554
score 25264/26554
score 25280/26554
score 25296/26554
score 25312/26554
score 25328/26554
score 25344/26554
score 25360/26554
score 25376/26554
score 25392/26554
score 25408/26554
score 25424/26554
score 25440/26554
score 25456/26554
score 25472/26554
score 25488/26554
score 25504/26554
score 25520/26554
score 25536/26554
score 25552/26554
score 25568/26554
score 25584/26554
score 25600/26554
score 25616/26554
score 25632/26554
score 25648/26554
score 25664/26554
score 25680/26554
score 25696/26554
score 25712/26554
score 25728/26554
score 25744/26554
score 25760/26554
score 25776/26554
score 25792/26554
score 25808/26554
score 25824/26554
score 25840/26554
score 25856/26554
score 25872/26554
score 25888/26554
score 25904/26554
score 25920/26554
score 25936/26554
score 25952/26554
score 25968/26554
score 25984/26554
score 26000/26554
score 26016/26554
score 26032/26554
score 26048/26554
score 26064/26554
score 26080/26554
score 26096/26554
score 26112/26554
score 26128/26554
score 26144/26554
score 26160/26554
score 26176/26554
score 26192/26554
score 26208/26554
score 26224/26554
score 26240/26554
score 26256/26554
score 26272/26554
score 26288/26554
score 26304/26554
score 26320/26554
score 26336/26554
score 26352/26554
score 26368/26554
score 26384/26554
score 26400/26554
score 26416/26554
score 26432/26554
score 26448/26554
score 26464/26554
score 26480/26554
score 26496/26554
score 26512/26554
score 26528/26554
score 26544/26554
score 26554/26554

### scoring under 3.3B
Loading checkpoint shards:   0%|          | 0/3 [00:00<?, ?it/s]Loading checkpoint shards:  33%|███▎      | 1/3 [00:02<00:05,  2.69s/it]Loading checkpoint shards:  67%|██████▋   | 2/3 [00:05<00:02,  2.96s/it]Loading checkpoint shards: 100%|██████████| 3/3 [00:06<00:00,  1.78s/it]Loading checkpoint shards: 100%|██████████| 3/3 [00:06<00:00,  2.07s/it]
score 16/26554
score 32/26554
score 48/26554
score 64/26554
score 80/26554
score 96/26554
score 112/26554
score 128/26554
score 144/26554
score 160/26554
score 176/26554
score 192/26554
score 208/26554
score 224/26554
score 240/26554
score 256/26554
score 272/26554
score 288/26554
score 304/26554
score 320/26554
score 336/26554
score 352/26554
score 368/26554
score 384/26554
score 400/26554
score 416/26554
score 432/26554
score 448/26554
score 464/26554
score 480/26554
score 496/26554
score 512/26554
score 528/26554
score 544/26554
score 560/26554
score 576/26554
score 592/26554
score 608/26554
score 624/26554
score 640/26554
score 656/26554
score 672/26554
score 688/26554
score 704/26554
score 720/26554
score 736/26554
score 752/26554
score 768/26554
score 784/26554
score 800/26554
score 816/26554
score 832/26554
score 848/26554
score 864/26554
score 880/26554
score 896/26554
score 912/26554
score 928/26554
score 944/26554
score 960/26554
score 976/26554
score 992/26554
score 1008/26554
score 1024/26554
score 1040/26554
score 1056/26554
score 1072/26554
score 1088/26554
score 1104/26554
score 1120/26554
score 1136/26554
score 1152/26554
score 1168/26554
score 1184/26554
score 1200/26554
score 1216/26554
score 1232/26554
score 1248/26554
score 1264/26554
score 1280/26554
score 1296/26554
score 1312/26554
score 1328/26554
score 1344/26554
score 1360/26554
score 1376/26554
score 1392/26554
score 1408/26554
score 1424/26554
score 1440/26554
score 1456/26554
score 1472/26554
score 1488/26554
score 1504/26554
score 1520/26554
score 1536/26554
score 1552/26554
score 1568/26554
score 1584/26554
score 1600/26554
score 1616/26554
score 1632/26554
score 1648/26554
score 1664/26554
score 1680/26554
score 1696/26554
score 1712/26554
score 1728/26554
score 1744/26554
score 1760/26554
score 1776/26554
score 1792/26554
score 1808/26554
score 1824/26554
score 1840/26554
score 1856/26554
score 1872/26554
score 1888/26554
score 1904/26554
score 1920/26554
score 1936/26554
score 1952/26554
score 1968/26554
score 1984/26554
score 2000/26554
score 2016/26554
score 2032/26554
score 2048/26554
score 2064/26554
score 2080/26554
score 2096/26554
score 2112/26554
score 2128/26554
score 2144/26554
score 2160/26554
score 2176/26554
score 2192/26554
score 2208/26554
score 2224/26554
score 2240/26554
score 2256/26554
score 2272/26554
score 2288/26554
score 2304/26554
score 2320/26554
score 2336/26554
score 2352/26554
score 2368/26554
score 2384/26554
score 2400/26554
score 2416/26554
score 2432/26554
score 2448/26554
score 2464/26554
score 2480/26554
score 2496/26554
score 2512/26554
score 2528/26554
score 2544/26554
score 2560/26554
score 2576/26554
score 2592/26554
score 2608/26554
score 2624/26554
score 2640/26554
score 2656/26554
score 2672/26554
score 2688/26554
score 2704/26554
score 2720/26554
score 2736/26554
score 2752/26554
score 2768/26554
score 2784/26554
score 2800/26554
score 2816/26554
score 2832/26554
score 2848/26554
score 2864/26554
score 2880/26554
score 2896/26554
score 2912/26554
score 2928/26554
score 2944/26554
score 2960/26554
score 2976/26554
score 2992/26554
score 3008/26554
score 3024/26554
score 3040/26554
score 3056/26554
score 3072/26554
score 3088/26554
score 3104/26554
score 3120/26554
score 3136/26554
score 3152/26554
score 3168/26554
score 3184/26554
score 3200/26554
score 3216/26554
score 3232/26554
score 3248/26554
score 3264/26554
score 3280/26554
score 3296/26554
score 3312/26554
score 3328/26554
score 3344/26554
score 3360/26554
score 3376/26554
score 3392/26554
score 3408/26554
score 3424/26554
score 3440/26554
score 3456/26554
score 3472/26554
score 3488/26554
score 3504/26554
score 3520/26554
score 3536/26554
score 3552/26554
score 3568/26554
score 3584/26554
score 3600/26554
score 3616/26554
score 3632/26554
score 3648/26554
score 3664/26554
score 3680/26554
score 3696/26554
score 3712/26554
score 3728/26554
score 3744/26554
score 3760/26554
score 3776/26554
score 3792/26554
score 3808/26554
score 3824/26554
score 3840/26554
score 3856/26554
score 3872/26554
score 3888/26554
score 3904/26554
score 3920/26554
score 3936/26554
score 3952/26554
score 3968/26554
score 3984/26554
score 4000/26554
score 4016/26554
score 4032/26554
score 4048/26554
score 4064/26554
score 4080/26554
score 4096/26554
score 4112/26554
score 4128/26554
score 4144/26554
score 4160/26554
score 4176/26554
score 4192/26554
score 4208/26554
score 4224/26554
score 4240/26554
score 4256/26554
score 4272/26554
score 4288/26554
score 4304/26554
score 4320/26554
score 4336/26554
score 4352/26554
score 4368/26554
score 4384/26554
score 4400/26554
score 4416/26554
score 4432/26554
score 4448/26554
score 4464/26554
score 4480/26554
score 4496/26554
score 4512/26554
score 4528/26554
score 4544/26554
score 4560/26554
score 4576/26554
score 4592/26554
score 4608/26554
score 4624/26554
score 4640/26554
score 4656/26554
score 4672/26554
score 4688/26554
score 4704/26554
score 4720/26554
score 4736/26554
score 4752/26554
score 4768/26554
score 4784/26554
score 4800/26554
score 4816/26554
score 4832/26554
score 4848/26554
score 4864/26554
score 4880/26554
score 4896/26554
score 4912/26554
score 4928/26554
score 4944/26554
score 4960/26554
score 4976/26554
score 4992/26554
score 5008/26554
score 5024/26554
score 5040/26554
score 5056/26554
score 5072/26554
score 5088/26554
score 5104/26554
score 5120/26554
score 5136/26554
score 5152/26554
score 5168/26554
score 5184/26554
score 5200/26554
score 5216/26554
score 5232/26554
score 5248/26554
score 5264/26554
score 5280/26554
score 5296/26554
score 5312/26554
score 5328/26554
score 5344/26554
score 5360/26554
score 5376/26554
score 5392/26554
score 5408/26554
score 5424/26554
score 5440/26554
score 5456/26554
score 5472/26554
score 5488/26554
score 5504/26554
score 5520/26554
score 5536/26554
score 5552/26554
score 5568/26554
score 5584/26554
score 5600/26554
score 5616/26554
score 5632/26554
score 5648/26554
score 5664/26554
score 5680/26554
score 5696/26554
score 5712/26554
score 5728/26554
score 5744/26554
score 5760/26554
score 5776/26554
score 5792/26554
score 5808/26554
score 5824/26554
score 5840/26554
score 5856/26554
score 5872/26554
score 5888/26554
score 5904/26554
score 5920/26554
score 5936/26554
score 5952/26554
score 5968/26554
score 5984/26554
score 6000/26554
score 6016/26554
score 6032/26554
score 6048/26554
score 6064/26554
score 6080/26554
score 6096/26554
score 6112/26554
score 6128/26554
score 6144/26554
score 6160/26554
score 6176/26554
score 6192/26554
score 6208/26554
score 6224/26554
score 6240/26554
score 6256/26554
score 6272/26554
score 6288/26554
score 6304/26554
score 6320/26554
score 6336/26554
score 6352/26554
score 6368/26554
score 6384/26554
score 6400/26554
score 6416/26554
score 6432/26554
score 6448/26554
score 6464/26554
score 6480/26554
score 6496/26554
score 6512/26554
score 6528/26554
score 6544/26554
score 6560/26554
score 6576/26554
score 6592/26554
score 6608/26554
score 6624/26554
score 6640/26554
score 6656/26554
score 6672/26554
score 6688/26554
score 6704/26554
score 6720/26554
score 6736/26554
score 6752/26554
score 6768/26554
score 6784/26554
score 6800/26554
score 6816/26554
score 6832/26554
score 6848/26554
score 6864/26554
score 6880/26554
score 6896/26554
score 6912/26554
score 6928/26554
score 6944/26554
score 6960/26554
score 6976/26554
score 6992/26554
score 7008/26554
score 7024/26554
score 7040/26554
score 7056/26554
score 7072/26554
score 7088/26554
score 7104/26554
score 7120/26554
score 7136/26554
score 7152/26554
score 7168/26554
score 7184/26554
score 7200/26554
score 7216/26554
score 7232/26554
score 7248/26554
score 7264/26554
score 7280/26554
score 7296/26554
score 7312/26554
score 7328/26554
score 7344/26554
score 7360/26554
score 7376/26554
score 7392/26554
score 7408/26554
score 7424/26554
score 7440/26554
score 7456/26554
score 7472/26554
score 7488/26554
score 7504/26554
score 7520/26554
score 7536/26554
score 7552/26554
score 7568/26554
score 7584/26554
score 7600/26554
score 7616/26554
score 7632/26554
score 7648/26554
score 7664/26554
score 7680/26554
score 7696/26554
score 7712/26554
score 7728/26554
score 7744/26554
score 7760/26554
score 7776/26554
score 7792/26554
score 7808/26554
score 7824/26554
score 7840/26554
score 7856/26554
score 7872/26554
score 7888/26554
score 7904/26554
score 7920/26554
score 7936/26554
score 7952/26554
score 7968/26554
score 7984/26554
score 8000/26554
score 8016/26554
score 8032/26554
score 8048/26554
score 8064/26554
score 8080/26554
score 8096/26554
score 8112/26554
score 8128/26554
score 8144/26554
score 8160/26554
score 8176/26554
score 8192/26554
score 8208/26554
score 8224/26554
score 8240/26554
score 8256/26554
score 8272/26554
score 8288/26554
score 8304/26554
score 8320/26554
score 8336/26554
score 8352/26554
score 8368/26554
score 8384/26554
score 8400/26554
score 8416/26554
score 8432/26554
score 8448/26554
score 8464/26554
score 8480/26554
score 8496/26554
score 8512/26554
score 8528/26554
score 8544/26554
score 8560/26554
score 8576/26554
score 8592/26554
score 8608/26554
score 8624/26554
score 8640/26554
score 8656/26554
score 8672/26554
score 8688/26554
score 8704/26554
score 8720/26554
score 8736/26554
score 8752/26554
score 8768/26554
score 8784/26554
score 8800/26554
score 8816/26554
score 8832/26554
score 8848/26554
score 8864/26554
score 8880/26554
score 8896/26554
score 8912/26554
score 8928/26554
score 8944/26554
score 8960/26554
score 8976/26554
score 8992/26554
score 9008/26554
score 9024/26554
score 9040/26554
score 9056/26554
score 9072/26554
score 9088/26554
score 9104/26554
score 9120/26554
score 9136/26554
score 9152/26554
score 9168/26554
score 9184/26554
score 9200/26554
score 9216/26554
score 9232/26554
score 9248/26554
score 9264/26554
score 9280/26554
score 9296/26554
score 9312/26554
score 9328/26554
score 9344/26554
score 9360/26554
score 9376/26554
score 9392/26554
score 9408/26554
score 9424/26554
score 9440/26554
score 9456/26554
score 9472/26554
score 9488/26554
score 9504/26554
score 9520/26554
score 9536/26554
score 9552/26554
score 9568/26554
score 9584/26554
score 9600/26554
score 9616/26554
score 9632/26554
score 9648/26554
score 9664/26554
score 9680/26554
score 9696/26554
score 9712/26554
score 9728/26554
score 9744/26554
score 9760/26554
score 9776/26554
score 9792/26554
score 9808/26554
score 9824/26554
score 9840/26554
score 9856/26554
score 9872/26554
score 9888/26554
score 9904/26554
score 9920/26554
score 9936/26554
score 9952/26554
score 9968/26554
score 9984/26554
score 10000/26554
score 10016/26554
score 10032/26554
score 10048/26554
score 10064/26554
score 10080/26554
score 10096/26554
score 10112/26554
score 10128/26554
score 10144/26554
score 10160/26554
score 10176/26554
score 10192/26554
score 10208/26554
score 10224/26554
score 10240/26554
score 10256/26554
score 10272/26554
score 10288/26554
score 10304/26554
score 10320/26554
score 10336/26554
score 10352/26554
score 10368/26554
score 10384/26554
score 10400/26554
score 10416/26554
score 10432/26554
score 10448/26554
score 10464/26554
score 10480/26554
score 10496/26554
score 10512/26554
score 10528/26554
score 10544/26554
score 10560/26554
score 10576/26554
score 10592/26554
score 10608/26554
score 10624/26554
score 10640/26554
score 10656/26554
score 10672/26554
score 10688/26554
score 10704/26554
score 10720/26554
score 10736/26554
score 10752/26554
score 10768/26554
score 10784/26554
score 10800/26554
score 10816/26554
score 10832/26554
score 10848/26554
score 10864/26554
score 10880/26554
score 10896/26554
score 10912/26554
score 10928/26554
score 10944/26554
score 10960/26554
score 10976/26554
score 10992/26554
score 11008/26554
score 11024/26554
score 11040/26554
score 11056/26554
score 11072/26554
score 11088/26554
score 11104/26554
score 11120/26554
score 11136/26554
score 11152/26554
score 11168/26554
score 11184/26554
score 11200/26554
score 11216/26554
score 11232/26554
score 11248/26554
score 11264/26554
score 11280/26554
score 11296/26554
score 11312/26554
score 11328/26554
score 11344/26554
score 11360/26554
score 11376/26554
score 11392/26554
score 11408/26554
score 11424/26554
score 11440/26554
score 11456/26554
score 11472/26554
score 11488/26554
score 11504/26554
score 11520/26554
score 11536/26554
score 11552/26554
score 11568/26554
score 11584/26554
score 11600/26554
score 11616/26554
score 11632/26554
score 11648/26554
score 11664/26554
score 11680/26554
score 11696/26554
score 11712/26554
score 11728/26554
score 11744/26554
score 11760/26554
score 11776/26554
score 11792/26554
score 11808/26554
score 11824/26554
score 11840/26554
score 11856/26554
score 11872/26554
score 11888/26554
score 11904/26554
score 11920/26554
score 11936/26554
score 11952/26554
score 11968/26554
score 11984/26554
score 12000/26554
score 12016/26554
score 12032/26554
score 12048/26554
score 12064/26554
score 12080/26554
score 12096/26554
score 12112/26554
score 12128/26554
score 12144/26554
score 12160/26554
score 12176/26554
score 12192/26554
score 12208/26554
score 12224/26554
score 12240/26554
score 12256/26554
score 12272/26554
score 12288/26554
score 12304/26554
score 12320/26554
score 12336/26554
score 12352/26554
score 12368/26554
score 12384/26554
score 12400/26554
score 12416/26554
score 12432/26554
score 12448/26554
score 12464/26554
score 12480/26554
score 12496/26554
score 12512/26554
score 12528/26554
score 12544/26554
score 12560/26554
score 12576/26554
score 12592/26554
score 12608/26554
score 12624/26554
score 12640/26554
score 12656/26554
score 12672/26554
score 12688/26554
score 12704/26554
score 12720/26554
score 12736/26554
score 12752/26554
score 12768/26554
score 12784/26554
score 12800/26554
score 12816/26554
score 12832/26554
score 12848/26554
score 12864/26554
score 12880/26554
score 12896/26554
score 12912/26554
score 12928/26554
score 12944/26554
score 12960/26554
score 12976/26554
score 12992/26554
score 13008/26554
score 13024/26554
score 13040/26554
score 13056/26554
score 13072/26554
score 13088/26554
score 13104/26554
score 13120/26554
score 13136/26554
score 13152/26554
score 13168/26554
score 13184/26554
score 13200/26554
score 13216/26554
score 13232/26554
score 13248/26554
score 13264/26554
score 13280/26554
score 13296/26554
score 13312/26554
score 13328/26554
score 13344/26554
score 13360/26554
score 13376/26554
score 13392/26554
score 13408/26554
score 13424/26554
score 13440/26554
score 13456/26554
score 13472/26554
score 13488/26554
score 13504/26554
score 13520/26554
score 13536/26554
score 13552/26554
score 13568/26554
score 13584/26554
score 13600/26554
score 13616/26554
score 13632/26554
score 13648/26554
score 13664/26554
score 13680/26554
score 13696/26554
score 13712/26554
score 13728/26554
score 13744/26554
score 13760/26554
score 13776/26554
score 13792/26554
score 13808/26554
score 13824/26554
score 13840/26554
score 13856/26554
score 13872/26554
score 13888/26554
score 13904/26554
score 13920/26554
score 13936/26554
score 13952/26554
score 13968/26554
score 13984/26554
score 14000/26554
score 14016/26554
score 14032/26554
score 14048/26554
score 14064/26554
score 14080/26554
score 14096/26554
score 14112/26554
score 14128/26554
score 14144/26554
score 14160/26554
score 14176/26554
score 14192/26554
score 14208/26554
score 14224/26554
score 14240/26554
score 14256/26554
score 14272/26554
score 14288/26554
score 14304/26554
score 14320/26554
score 14336/26554
score 14352/26554
score 14368/26554
score 14384/26554
score 14400/26554
score 14416/26554
score 14432/26554
score 14448/26554
score 14464/26554
score 14480/26554
score 14496/26554
score 14512/26554
score 14528/26554
score 14544/26554
score 14560/26554
score 14576/26554
score 14592/26554
score 14608/26554
score 14624/26554
score 14640/26554
score 14656/26554
score 14672/26554
score 14688/26554
score 14704/26554
score 14720/26554
score 14736/26554
score 14752/26554
score 14768/26554
score 14784/26554
score 14800/26554
score 14816/26554
score 14832/26554
score 14848/26554
score 14864/26554
score 14880/26554
score 14896/26554
score 14912/26554
score 14928/26554
score 14944/26554
score 14960/26554
score 14976/26554
score 14992/26554
score 15008/26554
score 15024/26554
score 15040/26554
score 15056/26554
score 15072/26554
score 15088/26554
score 15104/26554
score 15120/26554
score 15136/26554
score 15152/26554
score 15168/26554
score 15184/26554
score 15200/26554
score 15216/26554
score 15232/26554
score 15248/26554
score 15264/26554
score 15280/26554
score 15296/26554
score 15312/26554
score 15328/26554
score 15344/26554
score 15360/26554
score 15376/26554
score 15392/26554
score 15408/26554
score 15424/26554
score 15440/26554
score 15456/26554
score 15472/26554
score 15488/26554
score 15504/26554
score 15520/26554
score 15536/26554
score 15552/26554
score 15568/26554
score 15584/26554
score 15600/26554
score 15616/26554
score 15632/26554
score 15648/26554
score 15664/26554
score 15680/26554
score 15696/26554
score 15712/26554
score 15728/26554
score 15744/26554
score 15760/26554
score 15776/26554
score 15792/26554
score 15808/26554
score 15824/26554
score 15840/26554
score 15856/26554
score 15872/26554
score 15888/26554
score 15904/26554
score 15920/26554
score 15936/26554
score 15952/26554
score 15968/26554
score 15984/26554
score 16000/26554
score 16016/26554
score 16032/26554
score 16048/26554
score 16064/26554
score 16080/26554
score 16096/26554
score 16112/26554
score 16128/26554
score 16144/26554
score 16160/26554
score 16176/26554
score 16192/26554
score 16208/26554
score 16224/26554
score 16240/26554
score 16256/26554
score 16272/26554
score 16288/26554
score 16304/26554
score 16320/26554
score 16336/26554
score 16352/26554
score 16368/26554
score 16384/26554
score 16400/26554
score 16416/26554
score 16432/26554
score 16448/26554
score 16464/26554
score 16480/26554
score 16496/26554
score 16512/26554
score 16528/26554
score 16544/26554
score 16560/26554
score 16576/26554
score 16592/26554
score 16608/26554
score 16624/26554
score 16640/26554
score 16656/26554
score 16672/26554
score 16688/26554
score 16704/26554
score 16720/26554
score 16736/26554
score 16752/26554
score 16768/26554
score 16784/26554
score 16800/26554
score 16816/26554
score 16832/26554
score 16848/26554
score 16864/26554
score 16880/26554
score 16896/26554
score 16912/26554
score 16928/26554
score 16944/26554
score 16960/26554
score 16976/26554
score 16992/26554
score 17008/26554
score 17024/26554
score 17040/26554
score 17056/26554
score 17072/26554
score 17088/26554
score 17104/26554
score 17120/26554
score 17136/26554
score 17152/26554
score 17168/26554
score 17184/26554
score 17200/26554
score 17216/26554
score 17232/26554
score 17248/26554
score 17264/26554
score 17280/26554
score 17296/26554
score 17312/26554
score 17328/26554
score 17344/26554
score 17360/26554
score 17376/26554
score 17392/26554
score 17408/26554
score 17424/26554
score 17440/26554
score 17456/26554
score 17472/26554
score 17488/26554
score 17504/26554
score 17520/26554
score 17536/26554
score 17552/26554
score 17568/26554
score 17584/26554
score 17600/26554
score 17616/26554
score 17632/26554
score 17648/26554
score 17664/26554
score 17680/26554
score 17696/26554
score 17712/26554
score 17728/26554
score 17744/26554
score 17760/26554
score 17776/26554
score 17792/26554
score 17808/26554
score 17824/26554
score 17840/26554
score 17856/26554
score 17872/26554
score 17888/26554
score 17904/26554
score 17920/26554
score 17936/26554
score 17952/26554
score 17968/26554
score 17984/26554
score 18000/26554
score 18016/26554
score 18032/26554
score 18048/26554
score 18064/26554
score 18080/26554
score 18096/26554
score 18112/26554
score 18128/26554
score 18144/26554
score 18160/26554
score 18176/26554
score 18192/26554
score 18208/26554
score 18224/26554
score 18240/26554
score 18256/26554
score 18272/26554
score 18288/26554
score 18304/26554
score 18320/26554
score 18336/26554
score 18352/26554
score 18368/26554
score 18384/26554
score 18400/26554
score 18416/26554
score 18432/26554
score 18448/26554
score 18464/26554
score 18480/26554
score 18496/26554
score 18512/26554
score 18528/26554
score 18544/26554
score 18560/26554
score 18576/26554
score 18592/26554
score 18608/26554
score 18624/26554
score 18640/26554
score 18656/26554
score 18672/26554
score 18688/26554
score 18704/26554
score 18720/26554
score 18736/26554
score 18752/26554
score 18768/26554
score 18784/26554
score 18800/26554
score 18816/26554
score 18832/26554
score 18848/26554
score 18864/26554
score 18880/26554
score 18896/26554
score 18912/26554
score 18928/26554
score 18944/26554
score 18960/26554
score 18976/26554
score 18992/26554
score 19008/26554
score 19024/26554
score 19040/26554
score 19056/26554
score 19072/26554
score 19088/26554
score 19104/26554
score 19120/26554
score 19136/26554
score 19152/26554
score 19168/26554
score 19184/26554
score 19200/26554
score 19216/26554
score 19232/26554
score 19248/26554
score 19264/26554
score 19280/26554
score 19296/26554
score 19312/26554
score 19328/26554
score 19344/26554
score 19360/26554
score 19376/26554
score 19392/26554
score 19408/26554
score 19424/26554
score 19440/26554
score 19456/26554
score 19472/26554
score 19488/26554
score 19504/26554
score 19520/26554
score 19536/26554
score 19552/26554
score 19568/26554
score 19584/26554
score 19600/26554
score 19616/26554
score 19632/26554
score 19648/26554
score 19664/26554
score 19680/26554
score 19696/26554
score 19712/26554
score 19728/26554
score 19744/26554
score 19760/26554
score 19776/26554
score 19792/26554
score 19808/26554
score 19824/26554
score 19840/26554
score 19856/26554
score 19872/26554
score 19888/26554
score 19904/26554
score 19920/26554
score 19936/26554
score 19952/26554
score 19968/26554
score 19984/26554
score 20000/26554
score 20016/26554
score 20032/26554
score 20048/26554
score 20064/26554
score 20080/26554
score 20096/26554
score 20112/26554
score 20128/26554
score 20144/26554
score 20160/26554
score 20176/26554
score 20192/26554
score 20208/26554
score 20224/26554
score 20240/26554
score 20256/26554
score 20272/26554
score 20288/26554
score 20304/26554
score 20320/26554
score 20336/26554
score 20352/26554
score 20368/26554
score 20384/26554
score 20400/26554
score 20416/26554
score 20432/26554
score 20448/26554
score 20464/26554
score 20480/26554
score 20496/26554
score 20512/26554
score 20528/26554
score 20544/26554
score 20560/26554
score 20576/26554
score 20592/26554
score 20608/26554
score 20624/26554
score 20640/26554
score 20656/26554
score 20672/26554
score 20688/26554
score 20704/26554
score 20720/26554
score 20736/26554
score 20752/26554
score 20768/26554
score 20784/26554
score 20800/26554
score 20816/26554
score 20832/26554
score 20848/26554
score 20864/26554
score 20880/26554
score 20896/26554
score 20912/26554
score 20928/26554
score 20944/26554
score 20960/26554
score 20976/26554
score 20992/26554
score 21008/26554
score 21024/26554
score 21040/26554
score 21056/26554
score 21072/26554
score 21088/26554
score 21104/26554
score 21120/26554
score 21136/26554
score 21152/26554
score 21168/26554
score 21184/26554
score 21200/26554
score 21216/26554
score 21232/26554
score 21248/26554
score 21264/26554
score 21280/26554
score 21296/26554
score 21312/26554
score 21328/26554
score 21344/26554
score 21360/26554
score 21376/26554
score 21392/26554
score 21408/26554
score 21424/26554
score 21440/26554
score 21456/26554
score 21472/26554
score 21488/26554
score 21504/26554
score 21520/26554
score 21536/26554
score 21552/26554
score 21568/26554
score 21584/26554
score 21600/26554
score 21616/26554
score 21632/26554
score 21648/26554
score 21664/26554
score 21680/26554
score 21696/26554
score 21712/26554
score 21728/26554
score 21744/26554
score 21760/26554
score 21776/26554
score 21792/26554
score 21808/26554
score 21824/26554
score 21840/26554
score 21856/26554
score 21872/26554
score 21888/26554
score 21904/26554
score 21920/26554
score 21936/26554
score 21952/26554
score 21968/26554
score 21984/26554
score 22000/26554
score 22016/26554
score 22032/26554
score 22048/26554
score 22064/26554
score 22080/26554
score 22096/26554
score 22112/26554
score 22128/26554
score 22144/26554
score 22160/26554
score 22176/26554
score 22192/26554
score 22208/26554
score 22224/26554
score 22240/26554
score 22256/26554
score 22272/26554
score 22288/26554
score 22304/26554
score 22320/26554
score 22336/26554
score 22352/26554
score 22368/26554
score 22384/26554
score 22400/26554
score 22416/26554
score 22432/26554
score 22448/26554
score 22464/26554
score 22480/26554
score 22496/26554
score 22512/26554
score 22528/26554
score 22544/26554
score 22560/26554
score 22576/26554
score 22592/26554
score 22608/26554
score 22624/26554
score 22640/26554
score 22656/26554
score 22672/26554
score 22688/26554
score 22704/26554
score 22720/26554
score 22736/26554
score 22752/26554
score 22768/26554
score 22784/26554
score 22800/26554
score 22816/26554
score 22832/26554
score 22848/26554
score 22864/26554
score 22880/26554
score 22896/26554
score 22912/26554
score 22928/26554
score 22944/26554
score 22960/26554
score 22976/26554
score 22992/26554
score 23008/26554
score 23024/26554
score 23040/26554
score 23056/26554
score 23072/26554
score 23088/26554
score 23104/26554
score 23120/26554
score 23136/26554
score 23152/26554
score 23168/26554
score 23184/26554
score 23200/26554
score 23216/26554
score 23232/26554
score 23248/26554
score 23264/26554
score 23280/26554
score 23296/26554
score 23312/26554
score 23328/26554
score 23344/26554
score 23360/26554
score 23376/26554
score 23392/26554
score 23408/26554
score 23424/26554
score 23440/26554
score 23456/26554
score 23472/26554
score 23488/26554
score 23504/26554
score 23520/26554
score 23536/26554
score 23552/26554
score 23568/26554
score 23584/26554
score 23600/26554
score 23616/26554
score 23632/26554
score 23648/26554
score 23664/26554
score 23680/26554
score 23696/26554
score 23712/26554
score 23728/26554
score 23744/26554
score 23760/26554
score 23776/26554
score 23792/26554
score 23808/26554
score 23824/26554
score 23840/26554
score 23856/26554
score 23872/26554
score 23888/26554
score 23904/26554
score 23920/26554
score 23936/26554
score 23952/26554
score 23968/26554
score 23984/26554
score 24000/26554
score 24016/26554
score 24032/26554
score 24048/26554
score 24064/26554
score 24080/26554
score 24096/26554
score 24112/26554
score 24128/26554
score 24144/26554
score 24160/26554
score 24176/26554
score 24192/26554
score 24208/26554
score 24224/26554
score 24240/26554
score 24256/26554
score 24272/26554
score 24288/26554
score 24304/26554
score 24320/26554
score 24336/26554
score 24352/26554
score 24368/26554
score 24384/26554
score 24400/26554
score 24416/26554
score 24432/26554
score 24448/26554
score 24464/26554
score 24480/26554
score 24496/26554
score 24512/26554
score 24528/26554
score 24544/26554
score 24560/26554
score 24576/26554
score 24592/26554
score 24608/26554
score 24624/26554
score 24640/26554
score 24656/26554
score 24672/26554
score 24688/26554
score 24704/26554
score 24720/26554
score 24736/26554
score 24752/26554
score 24768/26554
score 24784/26554
score 24800/26554
score 24816/26554
score 24832/26554
score 24848/26554
score 24864/26554
score 24880/26554
score 24896/26554
score 24912/26554
score 24928/26554
score 24944/26554
score 24960/26554
score 24976/26554
score 24992/26554
score 25008/26554
score 25024/26554
score 25040/26554
score 25056/26554
score 25072/26554
score 25088/26554
score 25104/26554
score 25120/26554
score 25136/26554
score 25152/26554
score 25168/26554
score 25184/26554
score 25200/26554
score 25216/26554
score 25232/26554
score 25248/26554
score 25264/26554
score 25280/26554
score 25296/26554
score 25312/26554
score 25328/26554
score 25344/26554
score 25360/26554
score 25376/26554
score 25392/26554
score 25408/26554
score 25424/26554
score 25440/26554
score 25456/26554
score 25472/26554
score 25488/26554
score 25504/26554
score 25520/26554
score 25536/26554
score 25552/26554
score 25568/26554
score 25584/26554
score 25600/26554
score 25616/26554
score 25632/26554
score 25648/26554
score 25664/26554
score 25680/26554
score 25696/26554
score 25712/26554
score 25728/26554
score 25744/26554
score 25760/26554
score 25776/26554
score 25792/26554
score 25808/26554
score 25824/26554
score 25840/26554
score 25856/26554
score 25872/26554
score 25888/26554
score 25904/26554
score 25920/26554
score 25936/26554
score 25952/26554
score 25968/26554
score 25984/26554
score 26000/26554
score 26016/26554
score 26032/26554
score 26048/26554
score 26064/26554
score 26080/26554
score 26096/26554
score 26112/26554
score 26128/26554
score 26144/26554
score 26160/26554
score 26176/26554
score 26192/26554
score 26208/26554
score 26224/26554
score 26240/26554
score 26256/26554
score 26272/26554
score 26288/26554
score 26304/26554
score 26320/26554
score 26336/26554
score 26352/26554
score 26368/26554
score 26384/26554
score 26400/26554
score 26416/26554
score 26432/26554
score 26448/26554
score 26464/26554
score 26480/26554
score 26496/26554
score 26512/26554
score 26528/26554
score 26544/26554
score 26554/26554

fell back to 1.3B beam-1 for 0 sentences
ensemble differs from 1.3B beam-1 on 1484/1730 (85.8%)
wrote /home/s124z/KATHEE/work/englishdev_submission_nllb_ensemble.csv rows: 1730
