Sender: LSF System <lsfadmin@fse-superl40s-02>
Subject: Job 52917201: <submit-nllb-1.3B> in cluster <DKFZ> Done

Job <submit-nllb-1.3B> was submitted from host <odcf-worker02.dkfz-heidelberg.de> by user <s124z> in cluster <DKFZ> at Sat Aug 15 12:29:30 2026
Job was executed on host(s) <fse-superl40s-02>, in queue <gpu-pro>, as user <s124z> in cluster <DKFZ> at Sat Aug 15 12:29:31 2026
</home/s124z> was used as the home directory.
</home/s124z/KATHEE/nllb> was used as the working directory.
Started at Sat Aug 15 12:29:31 2026
Terminated at Sat Aug 15 12:33:36 2026
Results reported at Sat Aug 15 12:33:36 2026

Your job looked like:

------------------------------------------------------------
# LSBATCH: User input
bash -i -c '
        . /home/s124z/env_scripts/kathe.sh &&
        export HF_HOME=/dkfz/cluster/gpu/data/OE0176/s124z/hf_cache &&
        export HF_HUB_OFFLINE=1 &&
        cd /home/s124z/KATHEE/nllb &&
        python -u make_dev_submission_nllb.py --model 3.3b
    '
------------------------------------------------------------

Successfully completed.

Resource usage summary:

    CPU time :                                   245.00 sec.
    Max Memory :                                 5879 MB
    Average Memory :                             2839.97 MB
    Total Requested Memory :                     -
    Delta Memory :                               -
    Max Swap :                                   -
    Max Processes :                              4
    Max Threads :                                40
    Run time :                                   242 sec.
    Turnaround time :                            246 sec.

The output (if any) follows:

bash: cannot set terminal process group (2816630): Inappropriate ioctl for device
bash: no job control in this shell
ERROR: Unable to locate a modulefile for 'cuda/12.1'
/dkfz/cluster/gpu/data/OE0176/s124z/endo_conda_install/envs/KATHE/lib/python3.10/site-packages/transformers/tokenization_utils_base.py:1601: FutureWarning: `clean_up_tokenization_spaces` was not set. It will be set to `True` by default. This behavior will be depracted in transformers v4.45, and will be then set to `False` by default. For more details check this issue: https://github.com/huggingface/transformers/issues/31884
  warnings.warn(
Loading checkpoint shards:   0%|          | 0/3 [00:00<?, ?it/s]Loading checkpoint shards:  33%|███▎      | 1/3 [00:03<00:07,  3.53s/it]Loading checkpoint shards:  67%|██████▋   | 2/3 [00:06<00:03,  3.36s/it]Loading checkpoint shards: 100%|██████████| 3/3 [00:07<00:00,  2.01s/it]Loading checkpoint shards: 100%|██████████| 3/3 [00:07<00:00,  2.39s/it]
16/1730 done
32/1730 done
48/1730 done
64/1730 done
80/1730 done
96/1730 done
112/1730 done
128/1730 done
144/1730 done
160/1730 done
176/1730 done
192/1730 done
208/1730 done
224/1730 done
240/1730 done
256/1730 done
272/1730 done
288/1730 done
304/1730 done
320/1730 done
336/1730 done
352/1730 done
368/1730 done
384/1730 done
400/1730 done
416/1730 done
432/1730 done
448/1730 done
464/1730 done
480/1730 done
496/1730 done
512/1730 done
528/1730 done
544/1730 done
560/1730 done
576/1730 done
592/1730 done
608/1730 done
624/1730 done
640/1730 done
656/1730 done
672/1730 done
688/1730 done
704/1730 done
720/1730 done
736/1730 done
752/1730 done
768/1730 done
784/1730 done
800/1730 done
816/1730 done
832/1730 done
848/1730 done
864/1730 done
880/1730 done
896/1730 done
912/1730 done
928/1730 done
944/1730 done
960/1730 done
976/1730 done
992/1730 done
1008/1730 done
1024/1730 done
1040/1730 done
1056/1730 done
1072/1730 done
1088/1730 done
1104/1730 done
1120/1730 done
1136/1730 done
1152/1730 done
1168/1730 done
1184/1730 done
1200/1730 done
1216/1730 done
1232/1730 done
1248/1730 done
1264/1730 done
1280/1730 done
1296/1730 done
1312/1730 done
1328/1730 done
1344/1730 done
1360/1730 done
1376/1730 done
1392/1730 done
1408/1730 done
1424/1730 done
1440/1730 done
1456/1730 done
1472/1730 done
1488/1730 done
1504/1730 done
1520/1730 done
1536/1730 done
1552/1730 done
1568/1730 done
1584/1730 done
1600/1730 done
1616/1730 done
1632/1730 done
1648/1730 done
1664/1730 done
1680/1730 done
1696/1730 done
1712/1730 done
1728/1730 done
1730/1730 done
wrote /home/s124z/KATHEE/work/englishdev_submission_nllb_combined_3.3B.csv rows: 1730
