1730 dev sentences | W=0.2 LENNORM=0.6 K=16
/dkfz/cluster/gpu/data/OE0176/s124z/endo_conda_install/envs/KATHE/lib/python3.10/site-packages/transformers/tokenization_utils_base.py:1601: FutureWarning: `clean_up_tokenization_spaces` was not set. It will be set to `True` by default. This behavior will be depracted in transformers v4.45, and will be then set to `False` by default. For more details check this issue: https://github.com/huggingface/transformers/issues/31884
  warnings.warn(

### generating with 1.3B (beam + diverse beam, K=16)
gen 2/1730
gen 4/1730
gen 6/1730
gen 8/1730
gen 10/1730
gen 12/1730
gen 14/1730
gen 16/1730
gen 18/1730
gen 20/1730
gen 22/1730
gen 24/1730
gen 26/1730
gen 28/1730
gen 30/1730
gen 32/1730
gen 34/1730
gen 36/1730
gen 38/1730
gen 40/1730
gen 42/1730
gen 44/1730
gen 46/1730
gen 48/1730
gen 50/1730
gen 52/1730
gen 54/1730
gen 56/1730
gen 58/1730
gen 60/1730
gen 62/1730
gen 64/1730
gen 66/1730
gen 68/1730
gen 70/1730
gen 72/1730
gen 74/1730
gen 76/1730
gen 78/1730
gen 80/1730
gen 82/1730
gen 84/1730
gen 86/1730
gen 88/1730
gen 90/1730
gen 92/1730
gen 94/1730
gen 96/1730
gen 98/1730
gen 100/1730
gen 102/1730
gen 104/1730
gen 106/1730
gen 108/1730
gen 110/1730
gen 112/1730
gen 114/1730
gen 116/1730
gen 118/1730
gen 120/1730
gen 122/1730
gen 124/1730
gen 126/1730
gen 128/1730
gen 130/1730
gen 132/1730
gen 134/1730
gen 136/1730
gen 138/1730
gen 140/1730
gen 142/1730
gen 144/1730
gen 146/1730
gen 148/1730
gen 150/1730
gen 152/1730
gen 154/1730
gen 156/1730
gen 158/1730
gen 160/1730
gen 162/1730
gen 164/1730
gen 166/1730
gen 168/1730
gen 170/1730
gen 172/1730
gen 174/1730
gen 176/1730
gen 178/1730
gen 180/1730
gen 182/1730
gen 184/1730
gen 186/1730
gen 188/1730
gen 190/1730
gen 192/1730
gen 194/1730
gen 196/1730
gen 198/1730
gen 200/1730
gen 202/1730
gen 204/1730
gen 206/1730
gen 208/1730
gen 210/1730
gen 212/1730
gen 214/1730
gen 216/1730
gen 218/1730
gen 220/1730
gen 222/1730
gen 224/1730
gen 226/1730
gen 228/1730
gen 230/1730
gen 232/1730
gen 234/1730
gen 236/1730
gen 238/1730
gen 240/1730
gen 242/1730
gen 244/1730
gen 246/1730
gen 248/1730
gen 250/1730
gen 252/1730
gen 254/1730
gen 256/1730
gen 258/1730
gen 260/1730
gen 262/1730
gen 264/1730
gen 266/1730
gen 268/1730
gen 270/1730
gen 272/1730
gen 274/1730
gen 276/1730
gen 278/1730
gen 280/1730
gen 282/1730
gen 284/1730
gen 286/1730
gen 288/1730
gen 290/1730
gen 292/1730
gen 294/1730
gen 296/1730
gen 298/1730
gen 300/1730
gen 302/1730
gen 304/1730
gen 306/1730
gen 308/1730
gen 310/1730
gen 312/1730
gen 314/1730
gen 316/1730
gen 318/1730
gen 320/1730
gen 322/1730
gen 324/1730
gen 326/1730
gen 328/1730
gen 330/1730
gen 332/1730
gen 334/1730
gen 336/1730
gen 338/1730
gen 340/1730
gen 342/1730
gen 344/1730
gen 346/1730
gen 348/1730
gen 350/1730
gen 352/1730
gen 354/1730
gen 356/1730
gen 358/1730
gen 360/1730
gen 362/1730
gen 364/1730
gen 366/1730
gen 368/1730
gen 370/1730
gen 372/1730
gen 374/1730
gen 376/1730
gen 378/1730
gen 380/1730
gen 382/1730
gen 384/1730
gen 386/1730
gen 388/1730
gen 390/1730
gen 392/1730
gen 394/1730
gen 396/1730
gen 398/1730
gen 400/1730
gen 402/1730
gen 404/1730
gen 406/1730
gen 408/1730
gen 410/1730
gen 412/1730
gen 414/1730
gen 416/1730
gen 418/1730
gen 420/1730
gen 422/1730
gen 424/1730
gen 426/1730
gen 428/1730
gen 430/1730
gen 432/1730
gen 434/1730
gen 436/1730
gen 438/1730
gen 440/1730
gen 442/1730
gen 444/1730
gen 446/1730
gen 448/1730
gen 450/1730
gen 452/1730
gen 454/1730
gen 456/1730
gen 458/1730
gen 460/1730
gen 462/1730
gen 464/1730
gen 466/1730
gen 468/1730
gen 470/1730
gen 472/1730
gen 474/1730
gen 476/1730
gen 478/1730
gen 480/1730
gen 482/1730
gen 484/1730
gen 486/1730
gen 488/1730
gen 490/1730
gen 492/1730
gen 494/1730
gen 496/1730
gen 498/1730
gen 500/1730
gen 502/1730
gen 504/1730
gen 506/1730
gen 508/1730
gen 510/1730
gen 512/1730
gen 514/1730
gen 516/1730
gen 518/1730
gen 520/1730
gen 522/1730
gen 524/1730
gen 526/1730
gen 528/1730
gen 530/1730
gen 532/1730
gen 534/1730
gen 536/1730
gen 538/1730
gen 540/1730
gen 542/1730
gen 544/1730
gen 546/1730
gen 548/1730
gen 550/1730
gen 552/1730
gen 554/1730
gen 556/1730
gen 558/1730
gen 560/1730
gen 562/1730
gen 564/1730
gen 566/1730
gen 568/1730
gen 570/1730
gen 572/1730
gen 574/1730
gen 576/1730
gen 578/1730
gen 580/1730
gen 582/1730
gen 584/1730
gen 586/1730
gen 588/1730
gen 590/1730
gen 592/1730
gen 594/1730
gen 596/1730
gen 598/1730
gen 600/1730
gen 602/1730
gen 604/1730
gen 606/1730
gen 608/1730
gen 610/1730
gen 612/1730
gen 614/1730
gen 616/1730
gen 618/1730
gen 620/1730
gen 622/1730
gen 624/1730
gen 626/1730
gen 628/1730
gen 630/1730
gen 632/1730
gen 634/1730
gen 636/1730
gen 638/1730
gen 640/1730
gen 642/1730
gen 644/1730
gen 646/1730
gen 648/1730
gen 650/1730
gen 652/1730
gen 654/1730
gen 656/1730
gen 658/1730
gen 660/1730
gen 662/1730
gen 664/1730
gen 666/1730
gen 668/1730
gen 670/1730
gen 672/1730
gen 674/1730
gen 676/1730
gen 678/1730
gen 680/1730
gen 682/1730
gen 684/1730
gen 686/1730
gen 688/1730
gen 690/1730
gen 692/1730
gen 694/1730
gen 696/1730
gen 698/1730
gen 700/1730
gen 702/1730
gen 704/1730
gen 706/1730
gen 708/1730
gen 710/1730
gen 712/1730
gen 714/1730
gen 716/1730
gen 718/1730
gen 720/1730
gen 722/1730
gen 724/1730
gen 726/1730
gen 728/1730
gen 730/1730
gen 732/1730
gen 734/1730
gen 736/1730
gen 738/1730
gen 740/1730
gen 742/1730
gen 744/1730
gen 746/1730
gen 748/1730
gen 750/1730
gen 752/1730
gen 754/1730
gen 756/1730
gen 758/1730
gen 760/1730
gen 762/1730
gen 764/1730
gen 766/1730
gen 768/1730
gen 770/1730
gen 772/1730
gen 774/1730
gen 776/1730
gen 778/1730
gen 780/1730
gen 782/1730
gen 784/1730
gen 786/1730
gen 788/1730
gen 790/1730
gen 792/1730
gen 794/1730
gen 796/1730
gen 798/1730
gen 800/1730
gen 802/1730
gen 804/1730
gen 806/1730
gen 808/1730
gen 810/1730
gen 812/1730
gen 814/1730
gen 816/1730
gen 818/1730
gen 820/1730
gen 822/1730
gen 824/1730
gen 826/1730
gen 828/1730
gen 830/1730
gen 832/1730
gen 834/1730
gen 836/1730
gen 838/1730
gen 840/1730
gen 842/1730
gen 844/1730
gen 846/1730
gen 848/1730
gen 850/1730
gen 852/1730
gen 854/1730
gen 856/1730
gen 858/1730
gen 860/1730
gen 862/1730
gen 864/1730
gen 866/1730
gen 868/1730
gen 870/1730
gen 872/1730
gen 874/1730
gen 876/1730
gen 878/1730
gen 880/1730
gen 882/1730
gen 884/1730
gen 886/1730
gen 888/1730
gen 890/1730
gen 892/1730
gen 894/1730
gen 896/1730
gen 898/1730
gen 900/1730
gen 902/1730
gen 904/1730
gen 906/1730
gen 908/1730
gen 910/1730
gen 912/1730
gen 914/1730
gen 916/1730
gen 918/1730
gen 920/1730
gen 922/1730
gen 924/1730
gen 926/1730
gen 928/1730
gen 930/1730
gen 932/1730
gen 934/1730
gen 936/1730
gen 938/1730
gen 940/1730
gen 942/1730
gen 944/1730
gen 946/1730
gen 948/1730
gen 950/1730
gen 952/1730
gen 954/1730
gen 956/1730
gen 958/1730
gen 960/1730
gen 962/1730
gen 964/1730
gen 966/1730
gen 968/1730
gen 970/1730
gen 972/1730
gen 974/1730
gen 976/1730
gen 978/1730
gen 980/1730
gen 982/1730
gen 984/1730
gen 986/1730
gen 988/1730
gen 990/1730
gen 992/1730
gen 994/1730
gen 996/1730
gen 998/1730
gen 1000/1730
gen 1002/1730
gen 1004/1730
gen 1006/1730
gen 1008/1730
gen 1010/1730
gen 1012/1730
gen 1014/1730
gen 1016/1730
gen 1018/1730
gen 1020/1730
gen 1022/1730
gen 1024/1730
gen 1026/1730
gen 1028/1730
gen 1030/1730
gen 1032/1730
gen 1034/1730
gen 1036/1730
gen 1038/1730
gen 1040/1730
gen 1042/1730
gen 1044/1730
gen 1046/1730
gen 1048/1730
gen 1050/1730
gen 1052/1730
gen 1054/1730
gen 1056/1730
gen 1058/1730
gen 1060/1730
gen 1062/1730
gen 1064/1730
gen 1066/1730
gen 1068/1730
gen 1070/1730
gen 1072/1730
gen 1074/1730
gen 1076/1730
gen 1078/1730
gen 1080/1730
gen 1082/1730
gen 1084/1730
gen 1086/1730
gen 1088/1730
gen 1090/1730
gen 1092/1730
gen 1094/1730
gen 1096/1730
gen 1098/1730
gen 1100/1730
gen 1102/1730
gen 1104/1730
gen 1106/1730
gen 1108/1730
gen 1110/1730
gen 1112/1730
gen 1114/1730
gen 1116/1730
gen 1118/1730
gen 1120/1730
gen 1122/1730
gen 1124/1730
gen 1126/1730
gen 1128/1730
gen 1130/1730
gen 1132/1730
gen 1134/1730
gen 1136/1730
gen 1138/1730
gen 1140/1730
gen 1142/1730
gen 1144/1730
gen 1146/1730
gen 1148/1730
gen 1150/1730
gen 1152/1730
gen 1154/1730
gen 1156/1730
gen 1158/1730
gen 1160/1730
gen 1162/1730
gen 1164/1730
gen 1166/1730
gen 1168/1730
gen 1170/1730
gen 1172/1730
gen 1174/1730
gen 1176/1730
gen 1178/1730
gen 1180/1730
gen 1182/1730
gen 1184/1730
gen 1186/1730
gen 1188/1730
gen 1190/1730
gen 1192/1730
gen 1194/1730
gen 1196/1730
gen 1198/1730
gen 1200/1730
gen 1202/1730
gen 1204/1730
gen 1206/1730
gen 1208/1730
gen 1210/1730
gen 1212/1730
gen 1214/1730
gen 1216/1730
gen 1218/1730
gen 1220/1730
gen 1222/1730
gen 1224/1730
gen 1226/1730
gen 1228/1730
gen 1230/1730
gen 1232/1730
gen 1234/1730
gen 1236/1730
gen 1238/1730
gen 1240/1730
gen 1242/1730
gen 1244/1730
gen 1246/1730
gen 1248/1730
gen 1250/1730
gen 1252/1730
gen 1254/1730
gen 1256/1730
gen 1258/1730
gen 1260/1730
gen 1262/1730
gen 1264/1730
gen 1266/1730
gen 1268/1730
gen 1270/1730
gen 1272/1730
gen 1274/1730
gen 1276/1730
gen 1278/1730
gen 1280/1730
gen 1282/1730
gen 1284/1730
gen 1286/1730
gen 1288/1730
gen 1290/1730
gen 1292/1730
gen 1294/1730
gen 1296/1730
gen 1298/1730
gen 1300/1730
gen 1302/1730
gen 1304/1730
gen 1306/1730
gen 1308/1730
gen 1310/1730
gen 1312/1730
gen 1314/1730
gen 1316/1730
gen 1318/1730
gen 1320/1730
gen 1322/1730
gen 1324/1730
gen 1326/1730
gen 1328/1730
gen 1330/1730
gen 1332/1730
gen 1334/1730
gen 1336/1730
gen 1338/1730
gen 1340/1730
gen 1342/1730
gen 1344/1730
gen 1346/1730
gen 1348/1730
gen 1350/1730
gen 1352/1730
gen 1354/1730
gen 1356/1730
gen 1358/1730
gen 1360/1730
gen 1362/1730
gen 1364/1730
gen 1366/1730
gen 1368/1730
gen 1370/1730
gen 1372/1730
gen 1374/1730
gen 1376/1730
gen 1378/1730
gen 1380/1730
gen 1382/1730
gen 1384/1730
gen 1386/1730
gen 1388/1730
gen 1390/1730
gen 1392/1730
gen 1394/1730
gen 1396/1730
gen 1398/1730
gen 1400/1730
gen 1402/1730
gen 1404/1730
gen 1406/1730
gen 1408/1730
gen 1410/1730
gen 1412/1730
gen 1414/1730
gen 1416/1730
gen 1418/1730
gen 1420/1730
gen 1422/1730
gen 1424/1730
gen 1426/1730
gen 1428/1730
gen 1430/1730
gen 1432/1730
gen 1434/1730
gen 1436/1730
gen 1438/1730
gen 1440/1730
gen 1442/1730
gen 1444/1730
gen 1446/1730
gen 1448/1730
gen 1450/1730
gen 1452/1730
gen 1454/1730
gen 1456/1730
gen 1458/1730
gen 1460/1730
gen 1462/1730
gen 1464/1730
gen 1466/1730
gen 1468/1730
gen 1470/1730
gen 1472/1730
gen 1474/1730
gen 1476/1730
gen 1478/1730
gen 1480/1730
gen 1482/1730
gen 1484/1730
gen 1486/1730
gen 1488/1730
gen 1490/1730
gen 1492/1730
gen 1494/1730
gen 1496/1730
gen 1498/1730
gen 1500/1730
gen 1502/1730
gen 1504/1730
gen 1506/1730
gen 1508/1730
gen 1510/1730
gen 1512/1730
gen 1514/1730
gen 1516/1730
gen 1518/1730
gen 1520/1730
gen 1522/1730
gen 1524/1730
gen 1526/1730
gen 1528/1730
gen 1530/1730
gen 1532/1730
gen 1534/1730
gen 1536/1730
gen 1538/1730
gen 1540/1730
gen 1542/1730
gen 1544/1730
gen 1546/1730
gen 1548/1730
gen 1550/1730
gen 1552/1730
gen 1554/1730
gen 1556/1730
gen 1558/1730
gen 1560/1730
gen 1562/1730
gen 1564/1730
gen 1566/1730
gen 1568/1730
gen 1570/1730
gen 1572/1730
gen 1574/1730
gen 1576/1730
gen 1578/1730
gen 1580/1730
gen 1582/1730
gen 1584/1730
gen 1586/1730
gen 1588/1730
gen 1590/1730
gen 1592/1730
gen 1594/1730
gen 1596/1730
gen 1598/1730
gen 1600/1730
gen 1602/1730
gen 1604/1730
gen 1606/1730
gen 1608/1730
gen 1610/1730
gen 1612/1730
gen 1614/1730
gen 1616/1730
gen 1618/1730
gen 1620/1730
gen 1622/1730
gen 1624/1730
gen 1626/1730
gen 1628/1730
gen 1630/1730
gen 1632/1730
gen 1634/1730
gen 1636/1730
gen 1638/1730
gen 1640/1730
gen 1642/1730
gen 1644/1730
gen 1646/1730
gen 1648/1730
gen 1650/1730
gen 1652/1730
gen 1654/1730
gen 1656/1730
gen 1658/1730
gen 1660/1730
gen 1662/1730
gen 1664/1730
gen 1666/1730
gen 1668/1730
gen 1670/1730
gen 1672/1730
gen 1674/1730
gen 1676/1730
gen 1678/1730
gen 1680/1730
gen 1682/1730
gen 1684/1730
gen 1686/1730
gen 1688/1730
gen 1690/1730
gen 1692/1730
gen 1694/1730
gen 1696/1730
gen 1698/1730
gen 1700/1730
gen 1702/1730
gen 1704/1730
gen 1706/1730
gen 1708/1730
gen 1710/1730
gen 1712/1730
gen 1714/1730
gen 1716/1730
gen 1718/1730
gen 1720/1730
gen 1722/1730
gen 1724/1730
gen 1726/1730
gen 1728/1730
gen 1730/1730

### generating with 3.3B (beam + diverse beam, K=16)
Loading checkpoint shards:   0%|          | 0/3 [00:00<?, ?it/s]Loading checkpoint shards:  33%|███▎      | 1/3 [00:03<00:07,  3.64s/it]Loading checkpoint shards:  67%|██████▋   | 2/3 [00:07<00:03,  3.81s/it]Loading checkpoint shards: 100%|██████████| 3/3 [00:08<00:00,  2.27s/it]Loading checkpoint shards: 100%|██████████| 3/3 [00:08<00:00,  2.67s/it]
gen 2/1730
gen 4/1730
gen 6/1730
gen 8/1730
gen 10/1730
gen 12/1730
gen 14/1730
gen 16/1730
gen 18/1730
gen 20/1730
gen 22/1730
gen 24/1730
gen 26/1730
gen 28/1730
gen 30/1730
gen 32/1730
gen 34/1730
gen 36/1730
gen 38/1730
gen 40/1730
gen 42/1730
gen 44/1730
gen 46/1730
gen 48/1730
gen 50/1730
gen 52/1730
gen 54/1730
gen 56/1730
gen 58/1730
gen 60/1730
gen 62/1730
gen 64/1730
gen 66/1730
gen 68/1730
gen 70/1730
gen 72/1730
gen 74/1730
gen 76/1730
gen 78/1730
gen 80/1730
gen 82/1730
gen 84/1730
gen 86/1730
gen 88/1730
gen 90/1730
gen 92/1730
gen 94/1730
gen 96/1730
gen 98/1730
gen 100/1730
gen 102/1730
gen 104/1730
gen 106/1730
gen 108/1730
gen 110/1730
gen 112/1730
gen 114/1730
gen 116/1730
gen 118/1730
gen 120/1730
gen 122/1730
gen 124/1730
gen 126/1730
gen 128/1730
gen 130/1730
gen 132/1730
gen 134/1730
gen 136/1730
gen 138/1730
gen 140/1730
gen 142/1730
gen 144/1730
gen 146/1730
gen 148/1730
gen 150/1730
gen 152/1730
gen 154/1730
gen 156/1730
gen 158/1730
gen 160/1730
gen 162/1730
gen 164/1730
gen 166/1730
gen 168/1730
gen 170/1730
gen 172/1730
gen 174/1730
gen 176/1730
gen 178/1730
gen 180/1730
gen 182/1730
gen 184/1730
gen 186/1730
gen 188/1730
gen 190/1730
gen 192/1730
gen 194/1730
gen 196/1730
gen 198/1730
gen 200/1730
gen 202/1730
gen 204/1730
gen 206/1730
gen 208/1730
gen 210/1730
gen 212/1730
gen 214/1730
gen 216/1730
gen 218/1730
gen 220/1730
gen 222/1730
gen 224/1730
gen 226/1730
gen 228/1730
gen 230/1730
gen 232/1730
gen 234/1730
gen 236/1730
gen 238/1730
gen 240/1730
gen 242/1730
gen 244/1730
gen 246/1730
gen 248/1730
gen 250/1730
gen 252/1730
gen 254/1730
gen 256/1730
gen 258/1730
gen 260/1730
gen 262/1730
gen 264/1730
gen 266/1730
gen 268/1730
gen 270/1730
gen 272/1730
gen 274/1730
gen 276/1730
gen 278/1730
gen 280/1730
gen 282/1730
gen 284/1730
gen 286/1730
gen 288/1730
gen 290/1730
gen 292/1730
gen 294/1730
gen 296/1730
gen 298/1730
gen 300/1730
gen 302/1730
gen 304/1730
gen 306/1730
gen 308/1730
gen 310/1730
gen 312/1730
gen 314/1730
gen 316/1730
gen 318/1730
gen 320/1730
gen 322/1730
gen 324/1730
gen 326/1730
gen 328/1730
gen 330/1730
gen 332/1730
gen 334/1730
gen 336/1730
gen 338/1730
gen 340/1730
gen 342/1730
gen 344/1730
gen 346/1730
gen 348/1730
gen 350/1730
gen 352/1730
gen 354/1730
gen 356/1730
gen 358/1730
gen 360/1730
gen 362/1730
gen 364/1730
gen 366/1730
gen 368/1730
gen 370/1730
gen 372/1730
gen 374/1730
gen 376/1730
gen 378/1730
gen 380/1730
gen 382/1730
gen 384/1730
gen 386/1730
gen 388/1730
gen 390/1730
gen 392/1730
gen 394/1730
gen 396/1730
gen 398/1730
gen 400/1730
gen 402/1730
gen 404/1730
gen 406/1730
gen 408/1730
gen 410/1730
gen 412/1730
gen 414/1730
gen 416/1730
gen 418/1730
gen 420/1730
gen 422/1730
gen 424/1730
gen 426/1730
gen 428/1730
gen 430/1730
gen 432/1730
gen 434/1730
gen 436/1730
gen 438/1730
gen 440/1730
gen 442/1730
gen 444/1730
gen 446/1730
gen 448/1730
gen 450/1730
gen 452/1730
gen 454/1730
gen 456/1730
gen 458/1730
gen 460/1730
gen 462/1730
gen 464/1730
gen 466/1730
gen 468/1730
gen 470/1730
gen 472/1730
gen 474/1730
gen 476/1730
gen 478/1730
gen 480/1730
gen 482/1730
gen 484/1730
gen 486/1730
gen 488/1730
gen 490/1730
gen 492/1730
gen 494/1730
gen 496/1730
gen 498/1730
gen 500/1730
gen 502/1730
gen 504/1730
gen 506/1730
gen 508/1730
gen 510/1730
gen 512/1730
gen 514/1730
gen 516/1730
gen 518/1730
gen 520/1730
gen 522/1730
gen 524/1730
gen 526/1730
gen 528/1730
gen 530/1730
gen 532/1730
gen 534/1730
gen 536/1730
gen 538/1730
gen 540/1730
gen 542/1730
gen 544/1730
gen 546/1730
gen 548/1730
gen 550/1730
gen 552/1730
gen 554/1730
gen 556/1730
gen 558/1730
gen 560/1730
gen 562/1730
gen 564/1730
gen 566/1730
gen 568/1730
gen 570/1730
gen 572/1730
gen 574/1730
gen 576/1730
gen 578/1730
gen 580/1730
gen 582/1730
gen 584/1730
gen 586/1730
gen 588/1730
gen 590/1730
gen 592/1730
gen 594/1730
gen 596/1730
gen 598/1730
gen 600/1730
gen 602/1730
gen 604/1730
gen 606/1730
gen 608/1730
gen 610/1730
gen 612/1730
gen 614/1730
gen 616/1730
gen 618/1730
gen 620/1730
gen 622/1730
gen 624/1730
gen 626/1730
gen 628/1730
gen 630/1730
gen 632/1730
gen 634/1730
gen 636/1730
gen 638/1730
gen 640/1730
gen 642/1730
gen 644/1730
gen 646/1730
gen 648/1730
gen 650/1730
gen 652/1730
gen 654/1730
gen 656/1730
gen 658/1730
gen 660/1730
gen 662/1730
gen 664/1730
gen 666/1730
gen 668/1730
gen 670/1730
gen 672/1730
gen 674/1730
gen 676/1730
gen 678/1730
gen 680/1730
gen 682/1730
gen 684/1730
gen 686/1730
gen 688/1730
gen 690/1730
gen 692/1730
gen 694/1730
gen 696/1730
gen 698/1730
gen 700/1730
gen 702/1730
gen 704/1730
gen 706/1730
gen 708/1730
gen 710/1730
gen 712/1730
gen 714/1730
gen 716/1730
gen 718/1730
gen 720/1730
gen 722/1730
gen 724/1730
gen 726/1730
gen 728/1730
gen 730/1730
gen 732/1730
gen 734/1730
gen 736/1730
gen 738/1730
gen 740/1730
gen 742/1730
gen 744/1730
gen 746/1730
gen 748/1730
gen 750/1730
gen 752/1730
gen 754/1730
gen 756/1730
gen 758/1730
gen 760/1730
gen 762/1730
gen 764/1730
gen 766/1730
gen 768/1730
gen 770/1730
gen 772/1730
gen 774/1730
gen 776/1730
gen 778/1730
gen 780/1730
gen 782/1730
gen 784/1730
gen 786/1730
gen 788/1730
gen 790/1730
gen 792/1730
gen 794/1730
gen 796/1730
gen 798/1730
gen 800/1730
gen 802/1730
gen 804/1730
gen 806/1730
gen 808/1730
gen 810/1730
gen 812/1730
gen 814/1730
gen 816/1730
gen 818/1730
gen 820/1730
gen 822/1730
gen 824/1730
gen 826/1730
gen 828/1730
gen 830/1730
gen 832/1730
gen 834/1730
gen 836/1730
gen 838/1730
gen 840/1730
gen 842/1730
gen 844/1730
gen 846/1730
gen 848/1730
gen 850/1730
gen 852/1730
gen 854/1730
gen 856/1730
gen 858/1730
gen 860/1730
gen 862/1730
gen 864/1730
gen 866/1730
gen 868/1730
gen 870/1730
gen 872/1730
gen 874/1730
gen 876/1730
gen 878/1730
gen 880/1730
gen 882/1730
gen 884/1730
gen 886/1730
gen 888/1730
gen 890/1730
gen 892/1730
gen 894/1730
gen 896/1730
gen 898/1730
gen 900/1730
gen 902/1730
gen 904/1730
gen 906/1730
gen 908/1730
gen 910/1730
gen 912/1730
gen 914/1730
gen 916/1730
gen 918/1730
gen 920/1730
gen 922/1730
gen 924/1730
gen 926/1730
gen 928/1730
gen 930/1730
gen 932/1730
gen 934/1730
gen 936/1730
gen 938/1730
gen 940/1730
gen 942/1730
gen 944/1730
gen 946/1730
gen 948/1730
gen 950/1730
gen 952/1730
gen 954/1730
gen 956/1730
gen 958/1730
gen 960/1730
gen 962/1730
gen 964/1730
gen 966/1730
gen 968/1730
gen 970/1730
gen 972/1730
gen 974/1730
gen 976/1730
gen 978/1730
gen 980/1730
gen 982/1730
gen 984/1730
gen 986/1730
gen 988/1730
gen 990/1730
gen 992/1730
gen 994/1730
gen 996/1730
gen 998/1730
gen 1000/1730
gen 1002/1730
gen 1004/1730
gen 1006/1730
gen 1008/1730
gen 1010/1730
gen 1012/1730
gen 1014/1730
gen 1016/1730
gen 1018/1730
gen 1020/1730
gen 1022/1730
gen 1024/1730
gen 1026/1730
gen 1028/1730
gen 1030/1730
gen 1032/1730
gen 1034/1730
gen 1036/1730
gen 1038/1730
gen 1040/1730
gen 1042/1730
gen 1044/1730
gen 1046/1730
gen 1048/1730
gen 1050/1730
gen 1052/1730
gen 1054/1730
gen 1056/1730
gen 1058/1730
gen 1060/1730
gen 1062/1730
gen 1064/1730
gen 1066/1730
gen 1068/1730
gen 1070/1730
gen 1072/1730
gen 1074/1730
gen 1076/1730
gen 1078/1730
gen 1080/1730
gen 1082/1730
gen 1084/1730
gen 1086/1730
gen 1088/1730
gen 1090/1730
gen 1092/1730
gen 1094/1730
gen 1096/1730
gen 1098/1730
gen 1100/1730
gen 1102/1730
gen 1104/1730
gen 1106/1730
gen 1108/1730
gen 1110/1730
gen 1112/1730
gen 1114/1730
gen 1116/1730
gen 1118/1730
gen 1120/1730
gen 1122/1730
gen 1124/1730
gen 1126/1730
gen 1128/1730
gen 1130/1730
gen 1132/1730
gen 1134/1730
gen 1136/1730
gen 1138/1730
gen 1140/1730
gen 1142/1730
gen 1144/1730
gen 1146/1730
gen 1148/1730
gen 1150/1730
gen 1152/1730
gen 1154/1730
gen 1156/1730
gen 1158/1730
gen 1160/1730
gen 1162/1730
gen 1164/1730
gen 1166/1730
gen 1168/1730
gen 1170/1730
gen 1172/1730
gen 1174/1730
gen 1176/1730
gen 1178/1730
gen 1180/1730
gen 1182/1730
gen 1184/1730
gen 1186/1730
gen 1188/1730
gen 1190/1730
gen 1192/1730
gen 1194/1730
gen 1196/1730
gen 1198/1730
gen 1200/1730
gen 1202/1730
gen 1204/1730
gen 1206/1730
gen 1208/1730
gen 1210/1730
gen 1212/1730
gen 1214/1730
gen 1216/1730
gen 1218/1730
gen 1220/1730
gen 1222/1730
gen 1224/1730
gen 1226/1730
gen 1228/1730
gen 1230/1730
gen 1232/1730
gen 1234/1730
gen 1236/1730
gen 1238/1730
gen 1240/1730
gen 1242/1730
gen 1244/1730
gen 1246/1730
gen 1248/1730
gen 1250/1730
gen 1252/1730
gen 1254/1730
gen 1256/1730
gen 1258/1730
gen 1260/1730
gen 1262/1730
gen 1264/1730
gen 1266/1730
gen 1268/1730
gen 1270/1730
gen 1272/1730
gen 1274/1730
gen 1276/1730
gen 1278/1730
gen 1280/1730
gen 1282/1730
gen 1284/1730
gen 1286/1730
gen 1288/1730
gen 1290/1730
gen 1292/1730
gen 1294/1730
gen 1296/1730
gen 1298/1730
gen 1300/1730
gen 1302/1730
gen 1304/1730
gen 1306/1730
gen 1308/1730
gen 1310/1730
gen 1312/1730
gen 1314/1730
gen 1316/1730
gen 1318/1730
gen 1320/1730
gen 1322/1730
gen 1324/1730
gen 1326/1730
gen 1328/1730
gen 1330/1730
gen 1332/1730
gen 1334/1730
gen 1336/1730
gen 1338/1730
gen 1340/1730
gen 1342/1730
gen 1344/1730
gen 1346/1730
gen 1348/1730
gen 1350/1730
gen 1352/1730
gen 1354/1730
gen 1356/1730
gen 1358/1730
gen 1360/1730
gen 1362/1730
gen 1364/1730
gen 1366/1730
gen 1368/1730
gen 1370/1730
gen 1372/1730
gen 1374/1730
gen 1376/1730
gen 1378/1730
gen 1380/1730
gen 1382/1730
gen 1384/1730
gen 1386/1730
gen 1388/1730
gen 1390/1730
gen 1392/1730
gen 1394/1730
gen 1396/1730
gen 1398/1730
gen 1400/1730
gen 1402/1730
gen 1404/1730
gen 1406/1730
gen 1408/1730
gen 1410/1730
gen 1412/1730
gen 1414/1730
gen 1416/1730
gen 1418/1730
gen 1420/1730
gen 1422/1730
gen 1424/1730
gen 1426/1730
gen 1428/1730
gen 1430/1730
gen 1432/1730
gen 1434/1730
gen 1436/1730
gen 1438/1730
gen 1440/1730
gen 1442/1730
gen 1444/1730
gen 1446/1730
gen 1448/1730
gen 1450/1730
gen 1452/1730
gen 1454/1730
gen 1456/1730
gen 1458/1730
gen 1460/1730
gen 1462/1730
gen 1464/1730
gen 1466/1730
gen 1468/1730
gen 1470/1730
gen 1472/1730
gen 1474/1730
gen 1476/1730
gen 1478/1730
gen 1480/1730
gen 1482/1730
gen 1484/1730
gen 1486/1730
gen 1488/1730
gen 1490/1730
gen 1492/1730
gen 1494/1730
gen 1496/1730
gen 1498/1730
gen 1500/1730
gen 1502/1730
gen 1504/1730
gen 1506/1730
gen 1508/1730
gen 1510/1730
gen 1512/1730
gen 1514/1730
gen 1516/1730
gen 1518/1730
gen 1520/1730
gen 1522/1730
gen 1524/1730
gen 1526/1730
gen 1528/1730
gen 1530/1730
gen 1532/1730
gen 1534/1730
gen 1536/1730
gen 1538/1730
gen 1540/1730
gen 1542/1730
gen 1544/1730
gen 1546/1730
gen 1548/1730
gen 1550/1730
gen 1552/1730
gen 1554/1730
gen 1556/1730
gen 1558/1730
gen 1560/1730
gen 1562/1730
gen 1564/1730
gen 1566/1730
gen 1568/1730
gen 1570/1730
gen 1572/1730
gen 1574/1730
gen 1576/1730
gen 1578/1730
gen 1580/1730
gen 1582/1730
gen 1584/1730
gen 1586/1730
gen 1588/1730
gen 1590/1730
gen 1592/1730
gen 1594/1730
gen 1596/1730
gen 1598/1730
gen 1600/1730
gen 1602/1730
gen 1604/1730
gen 1606/1730
gen 1608/1730
gen 1610/1730
gen 1612/1730
gen 1614/1730
gen 1616/1730
gen 1618/1730
gen 1620/1730
gen 1622/1730
gen 1624/1730
gen 1626/1730
gen 1628/1730
gen 1630/1730
gen 1632/1730
gen 1634/1730
gen 1636/1730
gen 1638/1730
gen 1640/1730
gen 1642/1730
gen 1644/1730
gen 1646/1730
gen 1648/1730
gen 1650/1730
gen 1652/1730
gen 1654/1730
gen 1656/1730
gen 1658/1730
gen 1660/1730
gen 1662/1730
gen 1664/1730
gen 1666/1730
gen 1668/1730
gen 1670/1730
gen 1672/1730
gen 1674/1730
gen 1676/1730
gen 1678/1730
gen 1680/1730
gen 1682/1730
gen 1684/1730
gen 1686/1730
gen 1688/1730
gen 1690/1730
gen 1692/1730
gen 1694/1730
gen 1696/1730
gen 1698/1730
gen 1700/1730
gen 1702/1730
gen 1704/1730
gen 1706/1730
gen 1708/1730
gen 1710/1730
gen 1712/1730
gen 1714/1730
gen 1716/1730
gen 1718/1730
gen 1720/1730
gen 1722/1730
gen 1724/1730
gen 1726/1730
gen 1728/1730
gen 1730/1730
cached candidates to /home/s124z/KATHEE/nllb/eval_out/dev_nbest_cache_v2.json
pooled: mean 50.8 candidates/sentence (min 26, max 64)
87940 candidates to score under each model

### scoring under 1.3B
score 16/87940
score 336/87940
score 656/87940
score 976/87940
score 1296/87940
score 1616/87940
score 1936/87940
score 2256/87940
score 2576/87940
score 2896/87940
score 3216/87940
score 3536/87940
score 3856/87940
score 4176/87940
score 4496/87940
score 4816/87940
score 5136/87940
score 5456/87940
score 5776/87940
score 6096/87940
score 6416/87940
score 6736/87940
score 7056/87940
score 7376/87940
score 7696/87940
score 8016/87940
score 8336/87940
score 8656/87940
score 8976/87940
score 9296/87940
score 9616/87940
score 9936/87940
score 10256/87940
score 10576/87940
score 10896/87940
score 11216/87940
score 11536/87940
score 11856/87940
score 12176/87940
score 12496/87940
score 12816/87940
score 13136/87940
score 13456/87940
score 13776/87940
score 14096/87940
score 14416/87940
score 14736/87940
score 15056/87940
score 15376/87940
score 15696/87940
score 16016/87940
score 16336/87940
score 16656/87940
score 16976/87940
score 17296/87940
score 17616/87940
score 17936/87940
score 18256/87940
score 18576/87940
score 18896/87940
score 19216/87940
score 19536/87940
score 19856/87940
score 20176/87940
score 20496/87940
score 20816/87940
score 21136/87940
score 21456/87940
score 21776/87940
score 22096/87940
score 22416/87940
score 22736/87940
score 23056/87940
score 23376/87940
score 23696/87940
score 24016/87940
score 24336/87940
score 24656/87940
score 24976/87940
score 25296/87940
score 25616/87940
score 25936/87940
score 26256/87940
score 26576/87940
score 26896/87940
score 27216/87940
score 27536/87940
score 27856/87940
score 28176/87940
score 28496/87940
score 28816/87940
score 29136/87940
score 29456/87940
score 29776/87940
score 30096/87940
score 30416/87940
score 30736/87940
score 31056/87940
score 31376/87940
score 31696/87940
score 32016/87940
score 32336/87940
score 32656/87940
score 32976/87940
score 33296/87940
score 33616/87940
score 33936/87940
score 34256/87940
score 34576/87940
score 34896/87940
score 35216/87940
score 35536/87940
score 35856/87940
score 36176/87940
score 36496/87940
score 36816/87940
score 37136/87940
score 37456/87940
score 37776/87940
score 38096/87940
score 38416/87940
score 38736/87940
score 39056/87940
score 39376/87940
score 39696/87940
score 40016/87940
score 40336/87940
score 40656/87940
score 40976/87940
score 41296/87940
score 41616/87940
score 41936/87940
score 42256/87940
score 42576/87940
score 42896/87940
score 43216/87940
score 43536/87940
score 43856/87940
score 44176/87940
score 44496/87940
score 44816/87940
score 45136/87940
score 45456/87940
score 45776/87940
score 46096/87940
score 46416/87940
score 46736/87940
score 47056/87940
score 47376/87940
score 47696/87940
score 48016/87940
score 48336/87940
score 48656/87940
score 48976/87940
score 49296/87940
score 49616/87940
score 49936/87940
score 50256/87940
score 50576/87940
score 50896/87940
score 51216/87940
score 51536/87940
score 51856/87940
score 52176/87940
score 52496/87940
score 52816/87940
score 53136/87940
score 53456/87940
score 53776/87940
score 54096/87940
score 54416/87940
score 54736/87940
score 55056/87940
score 55376/87940
score 55696/87940
score 56016/87940
score 56336/87940
score 56656/87940
score 56976/87940
score 57296/87940
score 57616/87940
score 57936/87940
score 58256/87940
score 58576/87940
score 58896/87940
score 59216/87940
score 59536/87940
score 59856/87940
score 60176/87940
score 60496/87940
score 60816/87940
score 61136/87940
score 61456/87940
score 61776/87940
score 62096/87940
score 62416/87940
score 62736/87940
score 63056/87940
score 63376/87940
score 63696/87940
score 64016/87940
score 64336/87940
score 64656/87940
score 64976/87940
score 65296/87940
score 65616/87940
score 65936/87940
score 66256/87940
score 66576/87940
score 66896/87940
score 67216/87940
score 67536/87940
score 67856/87940
score 68176/87940
score 68496/87940
score 68816/87940
score 69136/87940
score 69456/87940
score 69776/87940
score 70096/87940
score 70416/87940
score 70736/87940
score 71056/87940
score 71376/87940
score 71696/87940
score 72016/87940
score 72336/87940
score 72656/87940
score 72976/87940
score 73296/87940
score 73616/87940
score 73936/87940
score 74256/87940
score 74576/87940
score 74896/87940
score 75216/87940
score 75536/87940
score 75856/87940
score 76176/87940
score 76496/87940
score 76816/87940
score 77136/87940
score 77456/87940
score 77776/87940
score 78096/87940
score 78416/87940
score 78736/87940
score 79056/87940
score 79376/87940
score 79696/87940
score 80016/87940
score 80336/87940
score 80656/87940
score 80976/87940
score 81296/87940
score 81616/87940
score 81936/87940
score 82256/87940
score 82576/87940
score 82896/87940
score 83216/87940
score 83536/87940
score 83856/87940
score 84176/87940
score 84496/87940
score 84816/87940
score 85136/87940
score 85456/87940
score 85776/87940
score 86096/87940
score 86416/87940
score 86736/87940
score 87056/87940
score 87376/87940
score 87696/87940

### scoring under 3.3B
Loading checkpoint shards:   0%|          | 0/3 [00:00<?, ?it/s]Loading checkpoint shards:  33%|███▎      | 1/3 [00:03<00:07,  3.59s/it]Loading checkpoint shards:  67%|██████▋   | 2/3 [00:07<00:03,  3.64s/it]Loading checkpoint shards: 100%|██████████| 3/3 [00:07<00:00,  2.18s/it]Loading checkpoint shards: 100%|██████████| 3/3 [00:07<00:00,  2.57s/it]
score 16/87940
score 336/87940
score 656/87940
score 976/87940
score 1296/87940
score 1616/87940
score 1936/87940
score 2256/87940
score 2576/87940
score 2896/87940
score 3216/87940
score 3536/87940
score 3856/87940
score 4176/87940
score 4496/87940
score 4816/87940
score 5136/87940
score 5456/87940
score 5776/87940
score 6096/87940
score 6416/87940
score 6736/87940
score 7056/87940
score 7376/87940
score 7696/87940
score 8016/87940
score 8336/87940
score 8656/87940
score 8976/87940
score 9296/87940
score 9616/87940
score 9936/87940
score 10256/87940
score 10576/87940
score 10896/87940
score 11216/87940
score 11536/87940
score 11856/87940
score 12176/87940
score 12496/87940
score 12816/87940
score 13136/87940
score 13456/87940
score 13776/87940
score 14096/87940
score 14416/87940
score 14736/87940
score 15056/87940
score 15376/87940
score 15696/87940
score 16016/87940
score 16336/87940
score 16656/87940
score 16976/87940
score 17296/87940
score 17616/87940
score 17936/87940
score 18256/87940
score 18576/87940
score 18896/87940
score 19216/87940
score 19536/87940
score 19856/87940
score 20176/87940
score 20496/87940
score 20816/87940
score 21136/87940
score 21456/87940
score 21776/87940
score 22096/87940
score 22416/87940
score 22736/87940
score 23056/87940
score 23376/87940
score 23696/87940
score 24016/87940
score 24336/87940
score 24656/87940
score 24976/87940
score 25296/87940
score 25616/87940
score 25936/87940
score 26256/87940
score 26576/87940
score 26896/87940
score 27216/87940
score 27536/87940
score 27856/87940
score 28176/87940
score 28496/87940
score 28816/87940
score 29136/87940
score 29456/87940
score 29776/87940
score 30096/87940
score 30416/87940
score 30736/87940
score 31056/87940
score 31376/87940
score 31696/87940
score 32016/87940
score 32336/87940
score 32656/87940
score 32976/87940
score 33296/87940
score 33616/87940
score 33936/87940
score 34256/87940
score 34576/87940
score 34896/87940
score 35216/87940
score 35536/87940
score 35856/87940
score 36176/87940
score 36496/87940
score 36816/87940
score 37136/87940
score 37456/87940
score 37776/87940
score 38096/87940
score 38416/87940
score 38736/87940
score 39056/87940
score 39376/87940
score 39696/87940
score 40016/87940
score 40336/87940
score 40656/87940
score 40976/87940
score 41296/87940
score 41616/87940
score 41936/87940
score 42256/87940
score 42576/87940
score 42896/87940
score 43216/87940
score 43536/87940
score 43856/87940
score 44176/87940
score 44496/87940
score 44816/87940
score 45136/87940
score 45456/87940
score 45776/87940
score 46096/87940
score 46416/87940
score 46736/87940
score 47056/87940
score 47376/87940
score 47696/87940
score 48016/87940
score 48336/87940
score 48656/87940
score 48976/87940
score 49296/87940
score 49616/87940
score 49936/87940
score 50256/87940
score 50576/87940
score 50896/87940
score 51216/87940
score 51536/87940
score 51856/87940
score 52176/87940
score 52496/87940
score 52816/87940
score 53136/87940
score 53456/87940
score 53776/87940
score 54096/87940
score 54416/87940
score 54736/87940
score 55056/87940
score 55376/87940
score 55696/87940
score 56016/87940
score 56336/87940
score 56656/87940
score 56976/87940
score 57296/87940
score 57616/87940
score 57936/87940
score 58256/87940
score 58576/87940
score 58896/87940
score 59216/87940
score 59536/87940
score 59856/87940
score 60176/87940
score 60496/87940
score 60816/87940
score 61136/87940
score 61456/87940
score 61776/87940
score 62096/87940
score 62416/87940
score 62736/87940
score 63056/87940
score 63376/87940
score 63696/87940
score 64016/87940
score 64336/87940
score 64656/87940
score 64976/87940
score 65296/87940
score 65616/87940
score 65936/87940
score 66256/87940
score 66576/87940
score 66896/87940
score 67216/87940
score 67536/87940
score 67856/87940
score 68176/87940
score 68496/87940
score 68816/87940
score 69136/87940
score 69456/87940
score 69776/87940
score 70096/87940
score 70416/87940
score 70736/87940
score 71056/87940
score 71376/87940
score 71696/87940
score 72016/87940
score 72336/87940
score 72656/87940
score 72976/87940
score 73296/87940
score 73616/87940
score 73936/87940
score 74256/87940
score 74576/87940
score 74896/87940
score 75216/87940
score 75536/87940
score 75856/87940
score 76176/87940
score 76496/87940
score 76816/87940
score 77136/87940
score 77456/87940
score 77776/87940
score 78096/87940
score 78416/87940
score 78736/87940
score 79056/87940
score 79376/87940
score 79696/87940
score 80016/87940
score 80336/87940
score 80656/87940
score 80976/87940
score 81296/87940
score 81616/87940
score 81936/87940
score 82256/87940
score 82576/87940
score 82896/87940
score 83216/87940
score 83536/87940
score 83856/87940
score 84176/87940
score 84496/87940
score 84816/87940
score 85136/87940
score 85456/87940
score 85776/87940
score 86096/87940
score 86416/87940
score 86736/87940
score 87056/87940
score 87376/87940
score 87696/87940

fell back to 1.3B beam-1 for 0 sentences
differs from 1.3B beam-1 on 1591/1730 (92.0%)
differs from v1 submission on 650/1730 (37.6%)
wrote /home/s124z/KATHEE/work/englishdev_submission_nllb_ensemble_v2.csv rows: 1730
